Component: ARM Compiler 5.05 update 1 (build 106) Tool: armlink [4d0efa]

==============================================================================

Section Cross References

    stm32f1xx_it.o(i.SysTick_Handler) refers to stm32f1xx_hal.o(i.HAL_IncTick) for HAL_IncTick
    stm32f1xx_it.o(i.SysTick_Handler) refers to stm32f1xx_hal_cortex.o(i.HAL_SYSTICK_IRQHandler) for HAL_SYSTICK_IRQHandler
    stm32f1xx_it.o(i.TIM3_IRQHandler) refers to stm32f1xx_hal_tim.o(i.HAL_TIM_IRQHandler) for HAL_TIM_IRQHandler
    stm32f1xx_it.o(i.TIM3_IRQHandler) refers to tim.o(.bss) for htim3
    stm32f1xx_it.o(i.USART1_IRQHandler) refers to stm32f1xx_hal_uart.o(i.HAL_UART_IRQHandler) for HAL_UART_IRQHandler
    stm32f1xx_it.o(i.USART1_IRQHandler) refers to usart.o(.bss) for huart1
    stm32f1xx_it.o(i.USB_HP_CAN1_TX_IRQHandler) refers to stm32f1xx_hal_can.o(i.HAL_CAN_IRQHandler) for HAL_CAN_IRQHandler
    stm32f1xx_it.o(i.USB_HP_CAN1_TX_IRQHandler) refers to can.o(.bss) for hcan
    spi.o(i.HAL_SPI_MspDeInit) refers to stm32f1xx_hal_gpio.o(i.HAL_GPIO_DeInit) for HAL_GPIO_DeInit
    spi.o(i.HAL_SPI_MspInit) refers to stm32f1xx_hal_gpio.o(i.HAL_GPIO_Init) for HAL_GPIO_Init
    spi.o(i.MX_SPI1_Init) refers to stm32f1xx_hal_spi_ex.o(i.HAL_SPI_Init) for HAL_SPI_Init
    spi.o(i.MX_SPI1_Init) refers to main.o(i._Error_Handler) for _Error_Handler
    spi.o(i.MX_SPI1_Init) refers to spi.o(.bss) for .bss
    stm32f1xx_hal_msp.o(i.HAL_MspInit) refers to stm32f1xx_hal_cortex.o(i.HAL_NVIC_SetPriorityGrouping) for HAL_NVIC_SetPriorityGrouping
    stm32f1xx_hal_msp.o(i.HAL_MspInit) refers to stm32f1xx_hal_cortex.o(i.HAL_NVIC_SetPriority) for HAL_NVIC_SetPriority
    main.o(i.SystemClock_Config) refers to stm32f1xx_hal_rcc.o(i.HAL_RCC_OscConfig) for HAL_RCC_OscConfig
    main.o(i.SystemClock_Config) refers to stm32f1xx_hal_rcc.o(i.HAL_RCC_ClockConfig) for HAL_RCC_ClockConfig
    main.o(i.SystemClock_Config) refers to stm32f1xx_hal_rcc.o(i.HAL_RCC_GetHCLKFreq) for HAL_RCC_GetHCLKFreq
    main.o(i.SystemClock_Config) refers to stm32f1xx_hal_cortex.o(i.HAL_SYSTICK_Config) for HAL_SYSTICK_Config
    main.o(i.SystemClock_Config) refers to stm32f1xx_hal_cortex.o(i.HAL_SYSTICK_CLKSourceConfig) for HAL_SYSTICK_CLKSourceConfig
    main.o(i.SystemClock_Config) refers to stm32f1xx_hal_cortex.o(i.HAL_NVIC_SetPriority) for HAL_NVIC_SetPriority
    main.o(i.main) refers to stm32f1xx_hal.o(i.HAL_Init) for HAL_Init
    main.o(i.main) refers to main.o(i.SystemClock_Config) for SystemClock_Config
    main.o(i.main) refers to gpio.o(i.MX_GPIO_Init) for MX_GPIO_Init
    main.o(i.main) refers to spi.o(i.MX_SPI1_Init) for MX_SPI1_Init
    main.o(i.main) refers to can.o(i.MX_CAN_Init) for MX_CAN_Init
    main.o(i.main) refers to usart.o(i.MX_USART1_UART_Init) for MX_USART1_UART_Init
    main.o(i.main) refers to tim.o(i.MX_TIM3_Init) for MX_TIM3_Init
    main.o(i.main) refers to mpu6500.o(i.MPU6500_Init) for MPU6500_Init
    main.o(i.main) refers to stm32f1xx_hal_tim.o(i.HAL_TIM_Base_Start_IT) for HAL_TIM_Base_Start_IT
    main.o(i.main) refers to stm32f1xx_hal_gpio.o(i.HAL_GPIO_WritePin) for HAL_GPIO_WritePin
    main.o(i.main) refers to stm32f1xx_hal.o(i.HAL_Delay) for HAL_Delay
    main.o(i.main) refers to printfa.o(i.__0printf) for __2printf
    main.o(i.main) refers to f2d.o(.text) for __aeabi_f2d
    main.o(i.main) refers to tim.o(.bss) for htim3
    main.o(i.main) refers to mpu6500.o(.data) for IMUhealth
    main.o(i.main) refers to mpu6500.o(.bss) for imu_data_offset
    main.o(i.main) refers to imucal.o(.data) for imu_init_ok
    gpio.o(i.MX_GPIO_Init) refers to stm32f1xx_hal_gpio.o(i.HAL_GPIO_WritePin) for HAL_GPIO_WritePin
    gpio.o(i.MX_GPIO_Init) refers to stm32f1xx_hal_gpio.o(i.HAL_GPIO_Init) for HAL_GPIO_Init
    can.o(i.CAN_Send) refers to stm32f1xx_hal_can.o(i.HAL_CAN_Transmit_IT) for HAL_CAN_Transmit_IT
    can.o(i.CAN_Send) refers to can.o(.bss) for .bss
    can.o(i.CAN_Send) refers to can.o(.data) for .data
    can.o(i.CAN_SendF) refers to stm32f1xx_hal_can.o(i.HAL_CAN_Transmit_IT) for HAL_CAN_Transmit_IT
    can.o(i.CAN_SendF) refers to can.o(.bss) for .bss
    can.o(i.CAN_SendF) refers to can.o(.data) for .data
    can.o(i.CAN_SendI) refers to stm32f1xx_hal_can.o(i.HAL_CAN_Transmit_IT) for HAL_CAN_Transmit_IT
    can.o(i.CAN_SendI) refers to can.o(.bss) for .bss
    can.o(i.CAN_SendI) refers to can.o(.data) for .data
    can.o(i.HAL_CAN_MspDeInit) refers to stm32f1xx_hal_gpio.o(i.HAL_GPIO_DeInit) for HAL_GPIO_DeInit
    can.o(i.HAL_CAN_MspDeInit) refers to stm32f1xx_hal_cortex.o(i.HAL_NVIC_DisableIRQ) for HAL_NVIC_DisableIRQ
    can.o(i.HAL_CAN_MspInit) refers to stm32f1xx_hal_gpio.o(i.HAL_GPIO_Init) for HAL_GPIO_Init
    can.o(i.HAL_CAN_MspInit) refers to stm32f1xx_hal_cortex.o(i.HAL_NVIC_SetPriority) for HAL_NVIC_SetPriority
    can.o(i.HAL_CAN_MspInit) refers to stm32f1xx_hal_cortex.o(i.HAL_NVIC_EnableIRQ) for HAL_NVIC_EnableIRQ
    can.o(i.HAL_CAN_MspInit) refers to stm32f1xx_hal_can.o(i.HAL_CAN_ConfigFilter) for HAL_CAN_ConfigFilter
[...]
    Removing stm32f1xx_hal_tim_ex.o(i.HAL_TIMEx_OnePulseN_Stop_IT), (88 bytes).
    Removing stm32f1xx_hal_tim_ex.o(i.HAL_TIMEx_PWMN_Start), (36 bytes).
    Removing stm32f1xx_hal_tim_ex.o(i.HAL_TIMEx_PWMN_Start_DMA), (184 bytes).
    Removing stm32f1xx_hal_tim_ex.o(i.HAL_TIMEx_PWMN_Start_IT), (84 bytes).
    Removing stm32f1xx_hal_tim_ex.o(i.HAL_TIMEx_PWMN_Stop), (68 bytes).
    Removing stm32f1xx_hal_tim_ex.o(i.HAL_TIMEx_PWMN_Stop_DMA), (112 bytes).
    Removing stm32f1xx_hal_tim_ex.o(i.HAL_TIMEx_PWMN_Stop_IT), (122 bytes).
    Removing stm32f1xx_hal_tim_ex.o(i.TIMEx_DMACommutationCplt), (16 bytes).
    Removing stm32f1xx_hal_tim_ex.o(i.TIM_CCxNChannelCmd), (22 bytes).
    Removing stm32f1xx_hal_gpio.o(.rev16_text), (4 bytes).
    Removing stm32f1xx_hal_gpio.o(.revsh_text), (4 bytes).
    Removing stm32f1xx_hal_gpio.o(.rrx_text), (6 bytes).
    Removing stm32f1xx_hal_gpio.o(i.HAL_GPIO_DeInit), (228 bytes).
    Removing stm32f1xx_hal_gpio.o(i.HAL_GPIO_EXTI_Callback), (2 bytes).
    Removing stm32f1xx_hal_gpio.o(i.HAL_GPIO_EXTI_IRQHandler), (24 bytes).
    Removing stm32f1xx_hal_gpio.o(i.HAL_GPIO_LockPin), (34 bytes).
    Removing stm32f1xx_hal_gpio.o(i.HAL_GPIO_ReadPin), (10 bytes).
    Removing stm32f1xx_hal_gpio.o(i.HAL_GPIO_TogglePin), (8 bytes).
    Removing stm32f1xx_hal_flash_ex.o(.rev16_text), (4 bytes).
    Removing stm32f1xx_hal_flash_ex.o(.revsh_text), (4 bytes).
    Removing stm32f1xx_hal_flash_ex.o(.rrx_text), (6 bytes).
    Removing stm32f1xx_hal_flash_ex.o(i.FLASH_MassErase), (36 bytes).
    Removing stm32f1xx_hal_flash_ex.o(i.FLASH_OB_DisableWRP), (176 bytes).
    Removing stm32f1xx_hal_flash_ex.o(i.FLASH_OB_EnableWRP), (176 bytes).
    Removing stm32f1xx_hal_flash_ex.o(i.FLASH_OB_GetRDP), (24 bytes).
    Removing stm32f1xx_hal_flash_ex.o(i.FLASH_OB_RDP_LevelConfig), (100 bytes).
    Removing stm32f1xx_hal_flash_ex.o(i.FLASH_PageErase), (36 bytes).
    Removing stm32f1xx_hal_flash_ex.o(i.HAL_FLASHEx_Erase), (168 bytes).
    Removing stm32f1xx_hal_flash_ex.o(i.HAL_FLASHEx_Erase_IT), (84 bytes).
    Removing stm32f1xx_hal_flash_ex.o(i.HAL_FLASHEx_OBErase), (84 bytes).
    Removing stm32f1xx_hal_flash_ex.o(i.HAL_FLASHEx_OBGetConfig), (36 bytes).
    Removing stm32f1xx_hal_flash_ex.o(i.HAL_FLASHEx_OBGetUserData), (32 bytes).
    Removing stm32f1xx_hal_flash_ex.o(i.HAL_FLASHEx_OBProgram), (200 bytes).
    Removing stm32f1xx_hal_rcc.o(.rev16_text), (4 bytes).
    Removing stm32f1xx_hal_rcc.o(.revsh_text), (4 bytes).
    Removing stm32f1xx_hal_rcc.o(.rrx_text), (6 bytes).
    Removing stm32f1xx_hal_rcc.o(i.HAL_RCC_CSSCallback), (2 bytes).
    Removing stm32f1xx_hal_rcc.o(i.HAL_RCC_DeInit), (216 bytes).
    Removing stm32f1xx_hal_rcc.o(i.HAL_RCC_DisableCSS), (12 bytes).
    Removing stm32f1xx_hal_rcc.o(i.HAL_RCC_EnableCSS), (12 bytes).
    Removing stm32f1xx_hal_rcc.o(i.HAL_RCC_GetClockConfig), (64 bytes).
    Removing stm32f1xx_hal_rcc.o(i.HAL_RCC_GetOscConfig), (144 bytes).
    Removing stm32f1xx_hal_rcc.o(i.HAL_RCC_MCOConfig), (72 bytes).
    Removing stm32f1xx_hal_rcc.o(i.HAL_RCC_NMI_IRQHandler), (24 bytes).
    Removing system_stm32f1xx.o(.rev16_text), (4 bytes).
    Removing system_stm32f1xx.o(.revsh_text), (4 bytes).
    Removing system_stm32f1xx.o(.rrx_text), (6 bytes).
    Removing system_stm32f1xx.o(i.SystemCoreClockUpdate), (104 bytes).
    Removing startup_stm32f103xb.o(HEAP), (512 bytes).
    Removing mpu6500.o(.rev16_text), (4 bytes).
    Removing mpu6500.o(.revsh_text), (4 bytes).
    Removing mpu6500.o(.rrx_text), (6 bytes).
    Removing mpu6500.o(i.MPU6500_Set_Accel_Fsr), (10 bytes).
    Removing mpu6500.o(i.MPU6500_Set_Gyro_Fsr), (10 bytes).
    Removing mpu6500.o(i.MPU9250_iic_Mag_read), (50 bytes).
    Removing mpu6500.o(.data), (1 bytes).
    Removing imucal.o(.rev16_text), (4 bytes).
    Removing imucal.o(.revsh_text), (4 bytes).
    Removing imucal.o(.rrx_text), (6 bytes).
    Removing imucal.o(i.Angle2Update), (200 bytes).
    Removing imucal.o(i.init_quaternion), (272 bytes).
    Removing cdcmple.o(.text), (48 bytes).

430 unused section(s) (total 25209 bytes) removed from the image.

==============================================================================

Image Symbol Table

    Local Symbols

    Symbol Name                              Value     Ov Type        Size  Object(Section)

    ../Drivers/STM32F1xx_HAL_Driver/Src/stm32f1xx_hal.c 0x00000000   Number         0  stm32f1xx_hal.o ABSOLUTE
    ../Drivers/STM32F1xx_HAL_Driver/Src/stm32f1xx_hal_can.c 0x00000000   Number         0  stm32f1xx_hal_can.o ABSOLUTE
    ../Drivers/STM32F1xx_HAL_Driver/Src/stm32f1xx_hal_cortex.c 0x00000000   Number         0  stm32f1xx_hal_cortex.o ABSOLUTE
    ../Drivers/STM32F1xx_HAL_Driver/Src/stm32f1xx_hal_dma.c 0x00000000   Number         0  stm32f1xx_hal_dma.o ABSOLUTE
    ../Drivers/STM32F1xx_HAL_Driver/Src/stm32f1xx_hal_flash.c 0x00000000   Number         0  stm32f1xx_hal_flash.o ABSOLUTE
    ../Drivers/STM32F1xx_HAL_Driver/Src/stm32f1xx_hal_flash_ex.c 0x00000000   Number         0  stm32f1xx_hal_flash_ex.o ABSOLUTE
    ../Drivers/STM32F1xx_HAL_Driver/Src/stm32f1xx_hal_gpio.c 0x00000000   Number         0  stm32f1xx_hal_gpio.o ABSOLUTE
    ../Drivers/STM32F1xx_HAL_Driver/Src/stm32f1xx_hal_gpio_ex.c 0x00000000   Number         0  stm32f1xx_hal_gpio_ex.o ABSOLUTE
    ../Drivers/STM32F1xx_HAL_Driver/Src/stm32f1xx_hal_pwr.c 0x00000000   Number         0  stm32f1xx_hal_pwr.o ABSOLUTE
    ../Drivers/STM32F1xx_HAL_Driver/Src/stm32f1xx_hal_rcc.c 0x00000000   Number         0  stm32f1xx_hal_rcc.o ABSOLUTE
    ../Drivers/STM32F1xx_HAL_Driver/Src/stm32f1xx_hal_rcc_ex.c 0x00000000   Number         0  stm32f1xx_hal_rcc_ex.o ABSOLUTE
    ../Drivers/STM32F1xx_HAL_Driver/Src/stm32f1xx_hal_spi.c 0x00000000   Number         0  stm32f1xx_hal_spi.o ABSOLUTE
    ../Drivers/STM32F1xx_HAL_Driver/Src/stm32f1xx_hal_spi_ex.c 0x00000000   Number         0  stm32f1xx_hal_spi_ex.o ABSOLUTE
    ../Drivers/STM32F1xx_HAL_Driver/Src/stm32f1xx_hal_tim.c 0x00000000   Number         0  stm32f1xx_hal_tim.o ABSOLUTE
    ../Drivers/STM32F1xx_HAL_Driver/Src/stm32f1xx_hal_tim_ex.c 0x00000000   Number         0  stm32f1xx_hal_tim_ex.o ABSOLUTE
    ../Drivers/STM32F1xx_HAL_Driver/Src/stm32f1xx_hal_uart.c 0x00000000   Number         0  stm32f1xx_hal_uart.o ABSOLUTE
    ../Src/can.c                             0x00000000   Number         0  can.o ABSOLUTE
    ../Src/gpio.c                            0x00000000   Number         0  gpio.o ABSOLUTE
    ../Src/main.c                            0x00000000   Number         0  main.o ABSOLUTE
    ../Src/spi.c                             0x00000000   Number         0  spi.o ABSOLUTE
    ../Src/stm32f1xx_hal_msp.c               0x00000000   Number         0  stm32f1xx_hal_msp.o ABSOLUTE
    ../Src/stm32f1xx_it.c                    0x00000000   Number         0  stm32f1xx_it.o ABSOLUTE
    ../Src/system_stm32f1xx.c                0x00000000   Number         0  system_stm32f1xx.o ABSOLUTE
    ../Src/tim.c                             0x00000000   Number         0  tim.o ABSOLUTE
    ../Src/usart.c                           0x00000000   Number         0  usart.o ABSOLUTE
    ../clib/microlib/division.c              0x00000000   Number         0  uidiv.o ABSOLUTE
    ../clib/microlib/division.c              0x00000000   Number         0  uldiv.o ABSOLUTE
    ../clib/microlib/errno.c                 0x00000000   Number         0  errno.o ABSOLUTE
    ../clib/microlib/init/entry.s            0x00000000   Number         0  entry11a.o ABSOLUTE
    ../clib/microlib/init/entry.s            0x00000000   Number         0  entry10b.o ABSOLUTE
    ../clib/microlib/init/entry.s            0x00000000   Number         0  entry9a.o ABSOLUTE
    ../clib/microlib/init/entry.s            0x00000000   Number         0  entry.o ABSOLUTE
    ../clib/microlib/init/entry.s            0x00000000   Number         0  entry11b.o ABSOLUTE
    ../clib/microlib/init/entry.s            0x00000000   Number         0  entry8a.o ABSOLUTE
    ../clib/microlib/init/entry.s            0x00000000   Number         0  entry7b.o ABSOLUTE
    ../clib/microlib/init/entry.s            0x00000000   Number         0  entry10a.o ABSOLUTE
    ../clib/microlib/init/entry.s            0x00000000   Number         0  entry9b.o ABSOLUTE
    ../clib/microlib/init/entry.s            0x00000000   Number         0  entry7a.o ABSOLUTE
    ../clib/microlib/init/entry.s            0x00000000   Number         0  entry5.o ABSOLUTE
    ../clib/microlib/init/entry.s            0x00000000   Number         0  entry8b.o ABSOLUTE
    ../clib/microlib/init/entry.s            0x00000000   Number         0  entry2.o ABSOLUTE
    ../clib/microlib/longlong.c              0x00000000   Number         0  llsshr.o ABSOLUTE
    ../clib/microlib/longlong.c              0x00000000   Number         0  llushr.o ABSOLUTE
    ../clib/microlib/longlong.c              0x00000000   Number         0  llshl.o ABSOLUTE
    ../clib/microlib/printf/printf.c         0x00000000   Number         0  printfa.o ABSOLUTE
    ../clib/microlib/printf/printf.c         0x00000000   Number         0  printf8.o ABSOLUTE
    ../clib/microlib/printf/printf.c         0x00000000   Number         0  printf7.o ABSOLUTE
    ../clib/microlib/printf/printf.c         0x00000000   Number         0  printf6.o ABSOLUTE
    ../clib/microlib/printf/printf.c         0x00000000   Number         0  printf5.o ABSOLUTE
    ../clib/microlib/printf/printf.c         0x00000000   Number         0  printf3.o ABSOLUTE
    ../clib/microlib/printf/printf.c         0x00000000   Number         0  printf1.o ABSOLUTE
    ../clib/microlib/printf/printf.c         0x00000000   Number         0  printf0.o ABSOLUTE
    ../clib/microlib/printf/printf.c         0x00000000   Number         0  printfb.o ABSOLUTE
    ../clib/microlib/printf/printf.c         0x00000000   Number         0  printf2.o ABSOLUTE
    ../clib/microlib/printf/printf.c         0x00000000   Number         0  printf4.o ABSOLUTE
    ../clib/microlib/printf/stubs.s          0x00000000   Number         0  stubs.o ABSOLUTE
    ../clib/microlib/stdio/streams.c         0x00000000   Number         0  stdout.o ABSOLUTE
    ../clib/microlib/stubs.s                 0x00000000   Number         0  iusefp.o ABSOLUTE
    ../fplib/microlib/d2f.c                  0x00000000   Number         0  d2f.o ABSOLUTE
    ../fplib/microlib/f2d.c                  0x00000000   Number         0  f2d.o ABSOLUTE
    ../fplib/microlib/fpadd.c                0x00000000   Number         0  fadd.o ABSOLUTE
    ../fplib/microlib/fpadd.c                0x00000000   Number         0  dadd.o ABSOLUTE
    ../fplib/microlib/fpdiv.c                0x00000000   Number         0  fdiv.o ABSOLUTE
    ../fplib/microlib/fpdiv.c                0x00000000   Number         0  ddiv.o ABSOLUTE
    ../fplib/microlib/fpepilogue.c           0x00000000   Number         0  fepilogue.o ABSOLUTE
    ../fplib/microlib/fpepilogue.c           0x00000000   Number         0  depilogue.o ABSOLUTE
    ../fplib/microlib/fpfix.c                0x00000000   Number         0  dfixul.o ABSOLUTE
    ../fplib/microlib/fpflt.c                0x00000000   Number         0  ffltui.o ABSOLUTE
    ../fplib/microlib/fpflt.c                0x00000000   Number         0  dflti.o ABSOLUTE
    ../fplib/microlib/fpflt.c                0x00000000   Number         0  fflti.o ABSOLUTE
    ../fplib/microlib/fpmul.c                0x00000000   Number         0  fmul.o ABSOLUTE
    ../fplib/microlib/fpmul.c                0x00000000   Number         0  dmul.o ABSOLUTE
    ../fplib/microlib/fpscalb.c              0x00000000   Number         0  fscalb.o ABSOLUTE
    ../fplib/microlib/fpscalb.c              0x00000000   Number         0  dscalb.o ABSOLUTE
    ../fplib/microlib/fpsqrt.c               0x00000000   Number         0  dsqrt.o ABSOLUTE
    ../mathlib/asin.c                        0x00000000   Number         0  asin.o ABSOLUTE
    ../mathlib/asin.c                        0x00000000   Number         0  asin_x.o ABSOLUTE
    ../mathlib/atan.c                        0x00000000   Number         0  atan.o ABSOLUTE
    ../mathlib/atan.c                        0x00000000   Number         0  atan_x.o ABSOLUTE
    ../mathlib/atan2.c                       0x00000000   Number         0  atan2.o ABSOLUTE
    ../mathlib/atan2.c                       0x00000000   Number         0  atan2_x.o ABSOLUTE
    ../mathlib/dunder.c                      0x00000000   Number         0  dunder.o ABSOLUTE
    ../mathlib/fpclassify.c                  0x00000000   Number         0  fpclassify.o ABSOLUTE
    ../mathlib/poly.c                        0x00000000   Number         0  poly.o ABSOLUTE
    ../mathlib/qnan.c                        0x00000000   Number         0  qnan.o ABSOLUTE
    ../mathlib/sqrt.c                        0x00000000   Number         0  sqrt.o ABSOLUTE
    ../mathlib/sqrt.c                        0x00000000   Number         0  sqrt_x.o ABSOLUTE
    ..\Drivers\STM32F1xx_HAL_Driver\Src\stm32f1xx_hal.c 0x00000000   Number         0  stm32f1xx_hal.o ABSOLUTE
    ..\Drivers\STM32F1xx_HAL_Driver\Src\stm32f1xx_hal_can.c 0x00000000   Number         0  stm32f1xx_hal_can.o ABSOLUTE
    ..\Drivers\STM32F1xx_HAL_Driver\Src\stm32f1xx_hal_cortex.c 0x00000000   Number         0  stm32f1xx_hal_cortex.o ABSOLUTE
    ..\Drivers\STM32F1xx_HAL_Driver\Src\stm32f1xx_hal_dma.c 0x00000000   Number         0  stm32f1xx_hal_dma.o ABSOLUTE
    ..\Drivers\STM32F1xx_HAL_Driver\Src\stm32f1xx_hal_flash.c 0x00000000   Number         0  stm32f1xx_hal_flash.o ABSOLUTE
    ..\Drivers\STM32F1xx_HAL_Driver\Src\stm32f1xx_hal_flash_ex.c 0x00000000   Number         0  stm32f1xx_hal_flash_ex.o ABSOLUTE
    ..\Drivers\STM32F1xx_HAL_Driver\Src\stm32f1xx_hal_gpio.c 0x00000000   Number         0  stm32f1xx_hal_gpio.o ABSOLUTE
    ..\Drivers\STM32F1xx_HAL_Driver\Src\stm32f1xx_hal_gpio_ex.c 0x00000000   Number         0  stm32f1xx_hal_gpio_ex.o ABSOLUTE
    ..\Drivers\STM32F1xx_HAL_Driver\Src\stm32f1xx_hal_pwr.c 0x00000000   Number         0  stm32f1xx_hal_pwr.o ABSOLUTE
    ..\Drivers\STM32F1xx_HAL_Driver\Src\stm32f1xx_hal_rcc.c 0x00000000   Number         0  stm32f1xx_hal_rcc.o ABSOLUTE
    ..\Drivers\STM32F1xx_HAL_Driver\Src\stm32f1xx_hal_rcc_ex.c 0x00000000   Number         0  stm32f1xx_hal_rcc_ex.o ABSOLUTE
    ..\Drivers\STM32F1xx_HAL_Driver\Src\stm32f1xx_hal_spi.c 0x00000000   Number         0  stm32f1xx_hal_spi.o ABSOLUTE
    ..\Drivers\STM32F1xx_HAL_Driver\Src\stm32f1xx_hal_spi_ex.c 0x00000000   Number         0  stm32f1xx_hal_spi_ex.o ABSOLUTE
    ..\Drivers\STM32F1xx_HAL_Driver\Src\stm32f1xx_hal_tim.c 0x00000000   Number         0  stm32f1xx_hal_tim.o ABSOLUTE
    ..\Drivers\STM32F1xx_HAL_Driver\Src\stm32f1xx_hal_tim_ex.c 0x00000000   Number         0  stm32f1xx_hal_tim_ex.o ABSOLUTE
    ..\Drivers\STM32F1xx_HAL_Driver\Src\stm32f1xx_hal_uart.c 0x00000000   Number         0  stm32f1xx_hal_uart.o ABSOLUTE
    ..\Src\can.c                             0x00000000   Number         0  can.o ABSOLUTE
    ..\Src\gpio.c                            0x00000000   Number         0  gpio.o ABSOLUTE
    ..\Src\main.c                            0x00000000   Number         0  main.o ABSOLUTE
    ..\Src\spi.c                             0x00000000   Number         0  spi.o ABSOLUTE
    ..\Src\stm32f1xx_hal_msp.c               0x00000000   Number         0  stm32f1xx_hal_msp.o ABSOLUTE
    ..\Src\stm32f1xx_it.c                    0x00000000   Number         0  stm32f1xx_it.o ABSOLUTE
    ..\Src\system_stm32f1xx.c                0x00000000   Number         0  system_stm32f1xx.o ABSOLUTE
    ..\Src\tim.c                             0x00000000   Number         0  tim.o ABSOLUTE
    ..\Src\usart.c                           0x00000000   Number         0  usart.o ABSOLUTE
    ..\\imu\\MPU6500.c                       0x00000000   Number         0  mpu6500.o ABSOLUTE
    ..\\imu\\imucal.c                        0x00000000   Number         0  imucal.o ABSOLUTE
    ..\imu\MPU6500.c                         0x00000000   Number         0  mpu6500.o ABSOLUTE
    ..\imu\imucal.c                          0x00000000   Number         0  imucal.o ABSOLUTE
    cdcmple.s                                0x00000000   Number         0  cdcmple.o ABSOLUTE
    cdrcmple.s                               0x00000000   Number         0  cdrcmple.o ABSOLUTE
    dc.s                                     0x00000000   Number         0  dc.o ABSOLUTE
    handlers.s                               0x00000000   Number         0  handlers.o ABSOLUTE
    init.s                                   0x00000000   Number         0  init.o ABSOLUTE
    startup_stm32f103xb.s                    0x00000000   Number         0  startup_stm32f103xb.o ABSOLUTE
    RESET                                    0x08000000   Section      236  startup_stm32f103xb.o(RESET)
    .ARM.Collect$$$$00000000                 0x080000ec   Section        0  entry.o(.ARM.Collect$$$$00000000)
    .ARM.Collect$$$$00000001                 0x080000ec   Section        4  entry2.o(.ARM.Collect$$$$00000001)
    .ARM.Collect$$$$00000004                 0x080000f0   Section        4  entry5.o(.ARM.Collect$$$$00000004)
    .ARM.Collect$$$$00000008                 0x080000f4   Section        0  entry7b.o(.ARM.Collect$$$$00000008)
    .ARM.Collect$$$$0000000A                 0x080000f4   Section        0  entry8b.o(.ARM.Collect$$$$0000000A)
    .ARM.Collect$$$$0000000B                 0x080000f4   Section        8  entry9a.o(.ARM.Collect$$$$0000000B)
    .ARM.Collect$$$$0000000D                 0x080000fc   Section        0  entry10a.o(.ARM.Collect$$$$0000000D)
    .ARM.Collect$$$$0000000F                 0x080000fc   Section        0  entry11a.o(.ARM.Collect$$$$0000000F)
    .ARM.Collect$$$$00002712                 0x080000fc   Section        4  entry2.o(.ARM.Collect$$$$00002712)
    __lit__00000000                          0x080000fc   Data           4  entry2.o(.ARM.Collect$$$$00002712)
    .text                                    0x08000100   Section       36  startup_stm32f103xb.o(.text)
    .text                                    0x08000124   Section        0  llushr.o(.text)
    .text                                    0x08000144   Section        0  fadd.o(.text)
    .text                                    0x080001f4   Section        0  fmul.o(.text)
    .text                                    0x08000258   Section        0  fdiv.o(.text)
    .text                                    0x080002d4   Section        0  fscalb.o(.text)
    .text                                    0x080002ec   Section        0  dadd.o(.text)
    .text                                    0x0800043a   Section        0  dmul.o(.text)
    .text                                    0x0800051e   Section        0  fflti.o(.text)
    .text                                    0x08000530   Section        0  ffltui.o(.text)
    .text                                    0x0800053a   Section        0  dflti.o(.text)
    .text                                    0x0800055c   Section        0  f2d.o(.text)
    .text                                    0x08000582   Section        0  d2f.o(.text)
    .text                                    0x080005ba   Section        0  uidiv.o(.text)
    .text                                    0x080005e6   Section        0  uldiv.o(.text)
    .text                                    0x08000648   Section        0  llshl.o(.text)
    .text                                    0x08000666   Section        0  llsshr.o(.text)
    .text                                    0x0800068a   Section        0  iusefp.o(.text)
    .text                                    0x0800068a   Section        0  fepilogue.o(.text)
    .text                                    0x080006f8   Section        0  depilogue.o(.text)
    .text                                    0x080007b2   Section        0  ddiv.o(.text)
    .text                                    0x08000890   Section        0  dscalb.o(.text)
    .text                                    0x080008be   Section        0  dfixul.o(.text)
    .text                                    0x080008f0   Section       48  cdrcmple.o(.text)
    .text                                    0x08000920   Section       36  init.o(.text)
    .text                                    0x08000944   Section        0  dsqrt.o(.text)
    i.AngleUpdate                            0x080009e8   Section        0  imucal.o(i.AngleUpdate)
    i.BusFault_Handler                       0x08000bd0   Section        0  stm32f1xx_it.o(i.BusFault_Handler)
    i.CAN_Receive_IT                         0x08000bd4   Section        0  stm32f1xx_hal_can.o(i.CAN_Receive_IT)
    CAN_Receive_IT                           0x08000bd5   Thumb Code   294  stm32f1xx_hal_can.o(i.CAN_Receive_IT)
    i.CAN_Send                               0x08000cfc   Section        0  can.o(i.CAN_Send)
    i.DebugMon_Handler                       0x08000d60   Section        0  stm32f1xx_it.o(i.DebugMon_Handler)
    i.HAL_CAN_ConfigFilter                   0x08000d64   Section        0  stm32f1xx_hal_can.o(i.HAL_CAN_ConfigFilter)
    i.HAL_CAN_ErrorCallback                  0x08000e56   Section        0  stm32f1xx_hal_can.o(i.HAL_CAN_ErrorCallback)
    i.HAL_CAN_IRQHandler                     0x08000e58   Section        0  stm32f1xx_hal_can.o(i.HAL_CAN_IRQHandler)
    i.HAL_CAN_Init                           0x0800108c   Section        0  stm32f1xx_hal_can.o(i.HAL_CAN_Init)
    i.HAL_CAN_MspInit                        0x080011b8   Section        0  can.o(i.HAL_CAN_MspInit)
    i.HAL_CAN_RxCpltCallback                 0x08001270   Section        0  stm32f1xx_hal_can.o(i.HAL_CAN_RxCpltCallback)
    i.HAL_CAN_Transmit_IT                    0x08001272   Section        0  stm32f1xx_hal_can.o(i.HAL_CAN_Transmit_IT)
    i.HAL_CAN_TxCpltCallback                 0x08001396   Section        0  stm32f1xx_hal_can.o(i.HAL_CAN_TxCpltCallback)
    i.HAL_DMA_Abort_IT                       0x08001398   Section        0  stm32f1xx_hal_dma.o(i.HAL_DMA_Abort_IT)
    i.HAL_Delay                              0x08001430   Section        0  stm32f1xx_hal.o(i.HAL_Delay)
    i.HAL_GPIO_Init                          0x08001454   Section        0  stm32f1xx_hal_gpio.o(i.HAL_GPIO_Init)
    i.HAL_GPIO_WritePin                      0x08001610   Section        0  stm32f1xx_hal_gpio.o(i.HAL_GPIO_WritePin)
    i.HAL_GetTick                            0x0800161c   Section        0  stm32f1xx_hal.o(i.HAL_GetTick)
    i.HAL_IncTick                            0x08001628   Section        0  stm32f1xx_hal.o(i.HAL_IncTick)
    i.HAL_Init                               0x08001638   Section        0  stm32f1xx_hal.o(i.HAL_Init)
    i.HAL_InitTick                           0x0800165c   Section        0  stm32f1xx_hal.o(i.HAL_InitTick)
    i.HAL_MspInit                            0x0800169c   Section        0  stm32f1xx_hal_msp.o(i.HAL_MspInit)
    i.HAL_NVIC_EnableIRQ                     0x0800171c   Section        0  stm32f1xx_hal_cortex.o(i.HAL_NVIC_EnableIRQ)
    i.HAL_NVIC_SetPriority                   0x08001734   Section        0  stm32f1xx_hal_cortex.o(i.HAL_NVIC_SetPriority)
    i.HAL_NVIC_SetPriorityGrouping           0x08001774   Section        0  stm32f1xx_hal_cortex.o(i.HAL_NVIC_SetPriorityGrouping)
    i.HAL_RCC_ClockConfig                    0x08001798   Section        0  stm32f1xx_hal_rcc.o(i.HAL_RCC_ClockConfig)
    i.HAL_RCC_GetHCLKFreq                    0x080018ec   Section        0  stm32f1xx_hal_rcc.o(i.HAL_RCC_GetHCLKFreq)
    i.HAL_RCC_GetPCLK1Freq                   0x080018f8   Section        0  stm32f1xx_hal_rcc.o(i.HAL_RCC_GetPCLK1Freq)
    i.HAL_RCC_GetPCLK2Freq                   0x08001918   Section        0  stm32f1xx_hal_rcc.o(i.HAL_RCC_GetPCLK2Freq)
    i.HAL_RCC_GetSysClockFreq                0x08001938   Section        0  stm32f1xx_hal_rcc.o(i.HAL_RCC_GetSysClockFreq)
    i.HAL_RCC_OscConfig                      0x080019a4   Section        0  stm32f1xx_hal_rcc.o(i.HAL_RCC_OscConfig)
    i.HAL_SPI_Init                           0x08001ca8   Section        0  stm32f1xx_hal_spi_ex.o(i.HAL_SPI_Init)
    i.HAL_SPI_MspInit                        0x08001d2c   Section        0  spi.o(i.HAL_SPI_MspInit)
    i.HAL_SPI_TransmitReceive                0x08001d84   Section        0  stm32f1xx_hal_spi.o(i.HAL_SPI_TransmitReceive)
    i.HAL_SYSTICK_CLKSourceConfig            0x08001f5c   Section        0  stm32f1xx_hal_cortex.o(i.HAL_SYSTICK_CLKSourceConfig)
    i.HAL_SYSTICK_Callback                   0x08001f74   Section        0  stm32f1xx_hal_cortex.o(i.HAL_SYSTICK_Callback)
    i.HAL_SYSTICK_Config                     0x08001f76   Section        0  stm32f1xx_hal_cortex.o(i.HAL_SYSTICK_Config)
    i.HAL_SYSTICK_IRQHandler                 0x08001f9e   Section        0  stm32f1xx_hal_cortex.o(i.HAL_SYSTICK_IRQHandler)
    i.HAL_TIMEx_BreakCallback                0x08001fa6   Section        0  stm32f1xx_hal_tim_ex.o(i.HAL_TIMEx_BreakCallback)
    i.HAL_TIMEx_CommutationCallback          0x08001fa8   Section        0  stm32f1xx_hal_tim_ex.o(i.HAL_TIMEx_CommutationCallback)
    i.HAL_TIMEx_MasterConfigSynchronization  0x08001faa   Section        0  stm32f1xx_hal_tim_ex.o(i.HAL_TIMEx_MasterConfigSynchronization)
    i.HAL_TIM_Base_Init                      0x08001ffa   Section        0  stm32f1xx_hal_tim.o(i.HAL_TIM_Base_Init)
    i.HAL_TIM_Base_MspInit                   0x08002030   Section        0  tim.o(i.HAL_TIM_Base_MspInit)
    i.HAL_TIM_Base_Start_IT                  0x0800206c   Section        0  stm32f1xx_hal_tim.o(i.HAL_TIM_Base_Start_IT)
    i.HAL_TIM_ConfigClockSource              0x08002084   Section        0  stm32f1xx_hal_tim.o(i.HAL_TIM_ConfigClockSource)
    i.HAL_TIM_IC_CaptureCallback             0x08002176   Section        0  stm32f1xx_hal_tim.o(i.HAL_TIM_IC_CaptureCallback)
    i.HAL_TIM_IRQHandler                     0x08002178   Section        0  stm32f1xx_hal_tim.o(i.HAL_TIM_IRQHandler)
    i.HAL_TIM_OC_DelayElapsedCallback        0x080022de   Section        0  stm32f1xx_hal_tim.o(i.HAL_TIM_OC_DelayElapsedCallback)
    i.HAL_TIM_PWM_PulseFinishedCallback      0x080022e0   Section        0  stm32f1xx_hal_tim.o(i.HAL_TIM_PWM_PulseFinishedCallback)
    i.HAL_TIM_PeriodElapsedCallback          0x080022e4   Section        0  tim.o(i.HAL_TIM_PeriodElapsedCallback)
    i.HAL_TIM_TriggerCallback                0x080022f4   Section        0  stm32f1xx_hal_tim.o(i.HAL_TIM_TriggerCallback)
    i.HAL_UART_ErrorCallback                 0x080022f6   Section        0  usart.o(i.HAL_UART_ErrorCallback)
    i.HAL_UART_IRQHandler                    0x08002308   Section        0  stm32f1xx_hal_uart.o(i.HAL_UART_IRQHandler)
    i.HAL_UART_Init                          0x08002418   Section        0  stm32f1xx_hal_uart.o(i.HAL_UART_Init)
    i.HAL_UART_MspInit                       0x0800247c   Section        0  usart.o(i.HAL_UART_MspInit)
    i.HAL_UART_Receive_IT                    0x08002504   Section        0  stm32f1xx_hal_uart.o(i.HAL_UART_Receive_IT)
    i.HAL_UART_RxCpltCallback                0x08002558   Section        0  usart.o(i.HAL_UART_RxCpltCallback)
    i.HAL_UART_TxCpltCallback                0x08002588   Section        0  stm32f1xx_hal_uart.o(i.HAL_UART_TxCpltCallback)
    i.HardFault_Handler                      0x0800258a   Section        0  stm32f1xx_it.o(i.HardFault_Handler)
    i.IMU_Get_Data                           0x0800258c   Section        0  mpu6500.o(i.IMU_Get_Data)
    i.MPU6500_Init                           0x08002614   Section        0  mpu6500.o(i.MPU6500_Init)
    i.MPU6500_Read_Reg                       0x0800269c   Section        0  mpu6500.o(i.MPU6500_Read_Reg)
    i.MPU6500_Read_Regs                      0x080026ec   Section        0  mpu6500.o(i.MPU6500_Read_Regs)
    i.MPU6500_Write_Reg                      0x08002748   Section        0  mpu6500.o(i.MPU6500_Write_Reg)
    i.MX_CAN_Init                            0x0800279c   Section        0  can.o(i.MX_CAN_Init)
    i.MX_GPIO_Init                           0x080027f8   Section        0  gpio.o(i.MX_GPIO_Init)
    i.MX_SPI1_Init                           0x080028b4   Section        0  spi.o(i.MX_SPI1_Init)
    i.MX_TIM3_Init                           0x08002910   Section        0  tim.o(i.MX_TIM3_Init)
    i.MX_USART1_UART_Init                    0x08002988   Section        0  usart.o(i.MX_USART1_UART_Init)
    i.MemManage_Handler                      0x080029d4   Section        0  stm32f1xx_it.o(i.MemManage_Handler)
    i.NMI_Handler                            0x080029d6   Section        0  stm32f1xx_it.o(i.NMI_Handler)
    i.NVIC_SetPriority                       0x080029d8   Section        0  stm32f1xx_hal_cortex.o(i.NVIC_SetPriority)
    NVIC_SetPriority                         0x080029d9   Thumb Code    32  stm32f1xx_hal_cortex.o(i.NVIC_SetPriority)
    i.PendSV_Handler                         0x080029f8   Section        0  stm32f1xx_it.o(i.PendSV_Handler)
    i.SPI_CheckFlag_BSY                      0x080029fa   Section        0  stm32f1xx_hal_spi.o(i.SPI_CheckFlag_BSY)
    SPI_CheckFlag_BSY                        0x080029fb   Thumb Code    32  stm32f1xx_hal_spi.o(i.SPI_CheckFlag_BSY)
    i.SPI_WaitFlagStateUntilTimeout          0x08002a1a   Section        0  stm32f1xx_hal_spi.o(i.SPI_WaitFlagStateUntilTimeout)
    SPI_WaitFlagStateUntilTimeout            0x08002a1b   Thumb Code   150  stm32f1xx_hal_spi.o(i.SPI_WaitFlagStateUntilTimeout)
    i.SVC_Handler                            0x08002ab0   Section        0  stm32f1xx_it.o(i.SVC_Handler)
    i.SysTick_Handler                        0x08002ab2   Section        0  stm32f1xx_it.o(i.SysTick_Handler)
    i.SystemClock_Config                     0x08002ac0   Section        0  main.o(i.SystemClock_Config)
    i.SystemInit                             0x08002b28   Section        0  system_stm32f1xx.o(i.SystemInit)
    i.TIM3_IRQHandler                        0x08002b70   Section        0  stm32f1xx_it.o(i.TIM3_IRQHandler)
    i.TIM_Base_SetConfig                     0x08002b7c   Section        0  stm32f1xx_hal_tim.o(i.TIM_Base_SetConfig)
    i.TIM_ETR_SetConfig                      0x08002be8   Section        0  stm32f1xx_hal_tim.o(i.TIM_ETR_SetConfig)
    TIM_ETR_SetConfig                        0x08002be9   Thumb Code    20  stm32f1xx_hal_tim.o(i.TIM_ETR_SetConfig)
    i.TIM_ITRx_SetConfig                     0x08002bfc   Section        0  stm32f1xx_hal_tim.o(i.TIM_ITRx_SetConfig)
    TIM_ITRx_SetConfig                       0x08002bfd   Thumb Code    16  stm32f1xx_hal_tim.o(i.TIM_ITRx_SetConfig)
    i.TIM_TI1_ConfigInputStage               0x08002c0c   Section        0  stm32f1xx_hal_tim.o(i.TIM_TI1_ConfigInputStage)
    TIM_TI1_ConfigInputStage                 0x08002c0d   Thumb Code    34  stm32f1xx_hal_tim.o(i.TIM_TI1_ConfigInputStage)
    i.TIM_TI2_ConfigInputStage               0x08002c2e   Section        0  stm32f1xx_hal_tim.o(i.TIM_TI2_ConfigInputStage)
    TIM_TI2_ConfigInputStage                 0x08002c2f   Thumb Code    36  stm32f1xx_hal_tim.o(i.TIM_TI2_ConfigInputStage)
    i.UART_DMAAbortOnError                   0x08002c52   Section        0  stm32f1xx_hal_uart.o(i.UART_DMAAbortOnError)
    UART_DMAAbortOnError                     0x08002c53   Thumb Code    16  stm32f1xx_hal_uart.o(i.UART_DMAAbortOnError)
    i.UART_EndRxTransfer                     0x08002c62   Section        0  stm32f1xx_hal_uart.o(i.UART_EndRxTransfer)
    UART_EndRxTransfer                       0x08002c63   Thumb Code    28  stm32f1xx_hal_uart.o(i.UART_EndRxTransfer)
    i.UART_Receive_IT                        0x08002c7e   Section        0  stm32f1xx_hal_uart.o(i.UART_Receive_IT)
    UART_Receive_IT                          0x08002c7f   Thumb Code   150  stm32f1xx_hal_uart.o(i.UART_Receive_IT)
    i.UART_SetConfig                         0x08002d14   Section        0  stm32f1xx_hal_uart.o(i.UART_SetConfig)
    UART_SetConfig                           0x08002d15   Thumb Code   364  stm32f1xx_hal_uart.o(i.UART_SetConfig)
    i.UART_Transmit_IT                       0x08002e84   Section        0  stm32f1xx_hal_uart.o(i.UART_Transmit_IT)
    UART_Transmit_IT                         0x08002e85   Thumb Code    98  stm32f1xx_hal_uart.o(i.UART_Transmit_IT)
    i.USART1_IRQHandler                      0x08002ee8   Section        0  stm32f1xx_it.o(i.USART1_IRQHandler)
    i.USB_HP_CAN1_TX_IRQHandler              0x08002ef4   Section        0  stm32f1xx_it.o(i.USB_HP_CAN1_TX_IRQHandler)
    i.UsageFault_Handler                     0x08002f00   Section        0  stm32f1xx_it.o(i.UsageFault_Handler)
    i._Error_Handler                         0x08002f02   Section        0  main.o(i._Error_Handler)
    i.__0printf                              0x08002f04   Section        0  printfa.o(i.__0printf)
    i.__ARM_fpclassify                       0x08002f24   Section        0  fpclassify.o(i.__ARM_fpclassify)
    i.__kernel_poly                          0x08002f4c   Section        0  poly.o(i.__kernel_poly)
    i.__mathlib_dbl_infnan                   0x08002ff6   Section        0  dunder.o(i.__mathlib_dbl_infnan)
    i.__mathlib_dbl_infnan2                  0x08002ffc   Section        0  dunder.o(i.__mathlib_dbl_infnan2)
    i.__mathlib_dbl_invalid                  0x08003000   Section        0  dunder.o(i.__mathlib_dbl_invalid)
    i.__mathlib_dbl_underflow                0x0800300c   Section        0  dunder.o(i.__mathlib_dbl_underflow)
    i.__scatterload_copy                     0x0800301c   Section       14  handlers.o(i.__scatterload_copy)
    i.__scatterload_null                     0x0800302a   Section        2  handlers.o(i.__scatterload_null)
    i.__scatterload_zeroinit                 0x0800302c   Section       14  handlers.o(i.__scatterload_zeroinit)
    i.__set_errno                            0x0800303c   Section        0  errno.o(i.__set_errno)
    i._fp_digits                             0x08003048   Section        0  printfa.o(i._fp_digits)
    _fp_digits                               0x08003049   Thumb Code   334  printfa.o(i._fp_digits)
    i._printf_core                           0x080031ac   Section        0  printfa.o(i._printf_core)
    _printf_core                             0x080031ad   Thumb Code  1744  printfa.o(i._printf_core)
    i._printf_post_padding                   0x08003888   Section        0  printfa.o(i._printf_post_padding)
    _printf_post_padding                     0x08003889   Thumb Code    36  printfa.o(i._printf_post_padding)
    i._printf_pre_padding                    0x080038ac   Section        0  printfa.o(i._printf_pre_padding)
    _printf_pre_padding                      0x080038ad   Thumb Code    46  printfa.o(i._printf_pre_padding)
    i.asin                                   0x080038dc   Section        0  asin.o(i.asin)
    i.atan                                   0x08003b4c   Section        0  atan.o(i.atan)
    i.atan2                                  0x08003d6c   Section        0  atan2.o(i.atan2)
    i.fputc                                  0x08003eec   Section        0  usart.o(i.fputc)
    i.imu_AHRS_update                        0x08003f04   Section        0  imucal.o(i.imu_AHRS_update)
    i.imu_cal_update                         0x080042bc   Section        0  imucal.o(i.imu_cal_update)
    i.invSqrt                                0x080042ec   Section        0  imucal.o(i.invSqrt)
    i.main                                   0x08004320   Section        0  main.o(i.main)
    i.mpu_offset_init                        0x08004490   Section        0  mpu6500.o(i.mpu_offset_init)
    mpu_offset_init                          0x08004491   Thumb Code   112  mpu6500.o(i.mpu_offset_init)
    i.sqrt                                   0x08004508   Section        0  sqrt.o(i.sqrt)
    .constdata                               0x08004554   Section       16  system_stm32f1xx.o(.constdata)
    .constdata                               0x08004564   Section        8  system_stm32f1xx.o(.constdata)
    .constdata                               0x0800456c   Section       14  mpu6500.o(.constdata)
    .constdata                               0x08004580   Section       80  asin.o(.constdata)
    pS                                       0x08004580   Data          48  asin.o(.constdata)
    qS                                       0x080045b0   Data          32  asin.o(.constdata)
    .constdata                               0x080045d0   Section      152  atan.o(.constdata)
    atanhi                                   0x080045d0   Data          32  atan.o(.constdata)
    atanlo                                   0x080045f0   Data          32  atan.o(.constdata)
    aTodd                                    0x08004610   Data          40  atan.o(.constdata)
    aTeven                                   0x08004638   Data          48  atan.o(.constdata)
    .constdata                               0x08004668   Section        8  qnan.o(.constdata)
    .data                                    0x20000000   Section        8  can.o(.data)
    .data                                    0x20000008   Section       12  stm32f1xx_hal.o(.data)
    .data                                    0x20000014   Section        4  system_stm32f1xx.o(.data)
    .data                                    0x20000018   Section       34  mpu6500.o(.data)
    MPU_Rx                                   0x20000019   Data           1  mpu6500.o(.data)
    MPU_Tx                                   0x2000001a   Data           1  mpu6500.o(.data)
    MPU_Rx                                   0x2000001b   Data           1  mpu6500.o(.data)
    MPU_Tx                                   0x2000001c   Data           1  mpu6500.o(.data)
    MPU_Rx                                   0x2000001d   Data           1  mpu6500.o(.data)
    MPU_Tx                                   0x2000001e   Data           1  mpu6500.o(.data)
    MPU_Tx_buff                              0x2000002c   Data          14  mpu6500.o(.data)
    .data                                    0x2000003c   Section      120  imucal.o(.data)
    cnt                                      0x20000058   Data           4  imucal.o(.data)
    imulast                                  0x2000005c   Data           4  imucal.o(.data)
    imunow                                   0x20000060   Data           4  imucal.o(.data)
    imu_first                                0x20000064   Data           4  imucal.o(.data)
    inittic                                  0x20000068   Data           4  imucal.o(.data)
    last_update                              0x2000006c   Data           4  imucal.o(.data)
    now_update                               0x20000070   Data           4  imucal.o(.data)
    exInt                                    0x20000074   Data           4  imucal.o(.data)
    eyInt                                    0x20000078   Data           4  imucal.o(.data)
    ezInt                                    0x2000007c   Data           4  imucal.o(.data)
    gx                                       0x20000080   Data           4  imucal.o(.data)
    gy                                       0x20000084   Data           4  imucal.o(.data)
    gz                                       0x20000088   Data           4  imucal.o(.data)
    ax                                       0x2000008c   Data           4  imucal.o(.data)
    ay                                       0x20000090   Data           4  imucal.o(.data)
    az                                       0x20000094   Data           4  imucal.o(.data)
    mx                                       0x20000098   Data           4  imucal.o(.data)
    my                                       0x2000009c   Data           4  imucal.o(.data)
    mz                                       0x200000a0   Data           4  imucal.o(.data)
    .data                                    0x200000b4   Section        4  stdout.o(.data)
    .data                                    0x200000b8   Section        4  errno.o(.data)
    _errno                                   0x200000b8   Data           4  errno.o(.data)
    .bss                                     0x200000bc   Section       88  spi.o(.bss)
    .bss                                     0x20000114   Section      132  can.o(.bss)
    .bss                                     0x20000198   Section       84  usart.o(.bss)
    .bss                                     0x200001ec   Section       64  tim.o(.bss)
    .bss                                     0x2000022c   Section       60  mpu6500.o(.bss)
    STACK                                    0x20000268   Section     1024  startup_stm32f103xb.o(STACK)

    Global Symbols

    Symbol Name                              Value     Ov Type        Size  Object(Section)

    BuildAttributes$$THM_ISAv4$P$D$K$B$S$PE$A:L22UL41UL21$X:L11$S22US41US21$IEEE1$IW$USESV6$~STKCKD$USESV7$~SHL$OTIME$ROPI$IEEEX$EBA8$MICROLIB$REQ8$PRES8$EABIv2 0x00000000   Number         0  anon$$obj.o ABSOLUTE
    __ARM_use_no_argv                        0x00000000   Number         0  main.o ABSOLUTE
    _printf_a                                0x00000000   Number         0  stubs.o ABSOLUTE
    _printf_c                                0x00000000   Number         0  stubs.o ABSOLUTE
    _printf_charcount                        0x00000000   Number         0  stubs.o ABSOLUTE
    _printf_d                                0x00000000   Number         0  stubs.o ABSOLUTE
    _printf_e                                0x00000000   Number         0  stubs.o ABSOLUTE
    _printf_f                                0x00000000   Number         0  stubs.o ABSOLUTE
    _printf_flags                            0x00000000   Number         0  stubs.o ABSOLUTE
    _printf_fp_dec                           0x00000000   Number         0  stubs.o ABSOLUTE
    _printf_fp_hex                           0x00000000   Number         0  stubs.o ABSOLUTE
    _printf_g                                0x00000000   Number         0  stubs.o ABSOLUTE
    _printf_i                                0x00000000   Number         0  stubs.o ABSOLUTE
    _printf_int_dec                          0x00000000   Number         0  stubs.o ABSOLUTE
    _printf_l                                0x00000000   Number         0  stubs.o ABSOLUTE
    _printf_lc                               0x00000000   Number         0  stubs.o ABSOLUTE
    _printf_ll                               0x00000000   Number         0  stubs.o ABSOLUTE
    _printf_lld                              0x00000000   Number         0  stubs.o ABSOLUTE
    _printf_lli                              0x00000000   Number         0  stubs.o ABSOLUTE
    _printf_llo                              0x00000000   Number         0  stubs.o ABSOLUTE
    _printf_llu                              0x00000000   Number         0  stubs.o ABSOLUTE
    _printf_llx                              0x00000000   Number         0  stubs.o ABSOLUTE
    _printf_longlong_dec                     0x00000000   Number         0  stubs.o ABSOLUTE
    _printf_longlong_hex                     0x00000000   Number         0  stubs.o ABSOLUTE
    _printf_longlong_oct                     0x00000000   Number         0  stubs.o ABSOLUTE
    _printf_ls                               0x00000000   Number         0  stubs.o ABSOLUTE
    _printf_mbtowc                           0x00000000   Number         0  stubs.o ABSOLUTE
    _printf_n                                0x00000000   Number         0  stubs.o ABSOLUTE
    _printf_o                                0x00000000   Number         0  stubs.o ABSOLUTE
    _printf_p                                0x00000000   Number         0  stubs.o ABSOLUTE
    _printf_percent                          0x00000000   Number         0  stubs.o ABSOLUTE
    _printf_pre_padding                      0x00000000   Number         0  stubs.o ABSOLUTE
    _printf_return_value                     0x00000000   Number         0  stubs.o ABSOLUTE
    _printf_s                                0x00000000   Number         0  stubs.o ABSOLUTE
    _printf_sizespec                         0x00000000   Number         0  stubs.o ABSOLUTE
    _printf_str                              0x00000000   Number         0  stubs.o ABSOLUTE
    _printf_truncate_signed                  0x00000000   Number         0  stubs.o ABSOLUTE
    _printf_truncate_unsigned                0x00000000   Number         0  stubs.o ABSOLUTE
    _printf_u                                0x00000000   Number         0  stubs.o ABSOLUTE
    _printf_wc                               0x00000000   Number         0  stubs.o ABSOLUTE
    _printf_wctomb                           0x00000000   Number         0  stubs.o ABSOLUTE
    _printf_widthprec                        0x00000000   Number         0  stubs.o ABSOLUTE
    _printf_x                                0x00000000   Number         0  stubs.o ABSOLUTE
    __cpp_initialize__aeabi_                  - Undefined Weak Reference
    __cxa_finalize                            - Undefined Weak Reference
    __decompress                              - Undefined Weak Reference
    _clock_init                               - Undefined Weak Reference
    _microlib_exit                            - Undefined Weak Reference
    __Vectors_Size                           0x000000ec   Number         0  startup_stm32f103xb.o ABSOLUTE
    __Vectors                                0x08000000   Data           4  startup_stm32f103xb.o(RESET)
    __Vectors_End                            0x080000ec   Data           0  startup_stm32f103xb.o(RESET)
    __main                                   0x080000ed   Thumb Code     0  entry.o(.ARM.Collect$$$$00000000)
    _main_stk                                0x080000ed   Thumb Code     0  entry2.o(.ARM.Collect$$$$00000001)
    _main_scatterload                        0x080000f1   Thumb Code     0  entry5.o(.ARM.Collect$$$$00000004)
    __main_after_scatterload                 0x080000f5   Thumb Code     0  entry5.o(.ARM.Collect$$$$00000004)
    _main_clock                              0x080000f5   Thumb Code     0  entry7b.o(.ARM.Collect$$$$00000008)
    _main_cpp_init                           0x080000f5   Thumb Code     0  entry8b.o(.ARM.Collect$$$$0000000A)
    _main_init                               0x080000f5   Thumb Code     0  entry9a.o(.ARM.Collect$$$$0000000B)
    __rt_final_cpp                           0x080000fd   Thumb Code     0  entry10a.o(.ARM.Collect$$$$0000000D)
    __rt_final_exit                          0x080000fd   Thumb Code     0  entry11a.o(.ARM.Collect$$$$0000000F)
    Reset_Handler                            0x08000101   Thumb Code     8  startup_stm32f103xb.o(.text)
    ADC1_2_IRQHandler                        0x0800011b   Thumb Code     0  startup_stm32f103xb.o(.text)
    CAN1_RX1_IRQHandler                      0x0800011b   Thumb Code     0  startup_stm32f103xb.o(.text)
    CAN1_SCE_IRQHandler                      0x0800011b   Thumb Code     0  startup_stm32f103xb.o(.text)
    DMA1_Channel1_IRQHandler                 0x0800011b   Thumb Code     0  startup_stm32f103xb.o(.text)
    DMA1_Channel2_IRQHandler                 0x0800011b   Thumb Code     0  startup_stm32f103xb.o(.text)
    DMA1_Channel3_IRQHandler                 0x0800011b   Thumb Code     0  startup_stm32f103xb.o(.text)
    DMA1_Channel4_IRQHandler                 0x0800011b   Thumb Code     0  startup_stm32f103xb.o(.text)
    DMA1_Channel5_IRQHandler                 0x0800011b   Thumb Code     0  startup_stm32f103xb.o(.text)
    DMA1_Channel6_IRQHandler                 0x0800011b   Thumb Code     0  startup_stm32f103xb.o(.text)
    DMA1_Channel7_IRQHandler                 0x0800011b   Thumb Code     0  startup_stm32f103xb.o(.text)
    EXTI0_IRQHandler                         0x0800011b   Thumb Code     0  startup_stm32f103xb.o(.text)
    EXTI15_10_IRQHandler                     0x0800011b   Thumb Code     0  startup_stm32f103xb.o(.text)
    EXTI1_IRQHandler                         0x0800011b   Thumb Code     0  startup_stm32f103xb.o(.text)
    EXTI2_IRQHandler                         0x0800011b   Thumb Code     0  startup_stm32f103xb.o(.text)
    EXTI3_IRQHandler                         0x0800011b   Thumb Code     0  startup_stm32f103xb.o(.text)
    EXTI4_IRQHandler                         0x0800011b   Thumb Code     0  startup_stm32f103xb.o(.text)
    EXTI9_5_IRQHandler                       0x0800011b   Thumb Code     0  startup_stm32f103xb.o(.text)
    FLASH_IRQHandler                         0x0800011b   Thumb Code     0  startup_stm32f103xb.o(.text)
    I2C1_ER_IRQHandler                       0x0800011b   Thumb Code     0  startup_stm32f103xb.o(.text)
    I2C1_EV_IRQHandler                       0x0800011b   Thumb Code     0  startup_stm32f103xb.o(.text)
    I2C2_ER_IRQHandler                       0x0800011b   Thumb Code     0  startup_stm32f103xb.o(.text)
    I2C2_EV_IRQHandler                       0x0800011b   Thumb Code     0  startup_stm32f103xb.o(.text)
    PVD_IRQHandler                           0x0800011b   Thumb Code     0  startup_stm32f103xb.o(.text)
    RCC_IRQHandler                           0x0800011b   Thumb Code     0  startup_stm32f103xb.o(.text)
    RTC_Alarm_IRQHandler                     0x0800011b   Thumb Code     0  startup_stm32f103xb.o(.text)
    RTC_IRQHandler                           0x0800011b   Thumb Code     0  startup_stm32f103xb.o(.text)
    SPI1_IRQHandler                          0x0800011b   Thumb Code     0  startup_stm32f103xb.o(.text)
    SPI2_IRQHandler                          0x0800011b   Thumb Code     0  startup_stm32f103xb.o(.text)
    TAMPER_IRQHandler                        0x0800011b   Thumb Code     0  startup_stm32f103xb.o(.text)
    TIM1_BRK_IRQHandler                      0x0800011b   Thumb Code     0  startup_stm32f103xb.o(.text)
    TIM1_CC_IRQHandler                       0x0800011b   Thumb Code     0  startup_stm32f103xb.o(.text)
    TIM1_TRG_COM_IRQHandler                  0x0800011b   Thumb Code     0  startup_stm32f103xb.o(.text)
    TIM1_UP_IRQHandler                       0x0800011b   Thumb Code     0  startup_stm32f103xb.o(.text)
    TIM2_IRQHandler                          0x0800011b   Thumb Code     0  startup_stm32f103xb.o(.text)
    TIM4_IRQHandler                          0x0800011b   Thumb Code     0  startup_stm32f103xb.o(.text)
    USART2_IRQHandler                        0x0800011b   Thumb Code     0  startup_stm32f103xb.o(.text)
    USART3_IRQHandler                        0x0800011b   Thumb Code     0  startup_stm32f103xb.o(.text)
    USBWakeUp_IRQHandler                     0x0800011b   Thumb Code     0  startup_stm32f103xb.o(.text)
    USB_LP_CAN1_RX0_IRQHandler               0x0800011b   Thumb Code     0  startup_stm32f103xb.o(.text)
    WWDG_IRQHandler                          0x0800011b   Thumb Code     0  startup_stm32f103xb.o(.text)
    __aeabi_llsr                             0x08000125   Thumb Code    32  llushr.o(.text)
    _ll_ushift_r                             0x08000125   Thumb Code     0  llushr.o(.text)
    __aeabi_fadd                             0x08000145   Thumb Code   164  fadd.o(.text)
    __aeabi_fsub                             0x080001e9   Thumb Code     6  fadd.o(.text)
    __aeabi_frsub                            0x080001ef   Thumb Code     6  fadd.o(.text)
    __aeabi_fmul                             0x080001f5   Thumb Code   100  fmul.o(.text)
    __aeabi_fdiv                             0x08000259   Thumb Code   124  fdiv.o(.text)
    __ARM_scalbnf                            0x080002d5   Thumb Code    24  fscalb.o(.text)
    scalbnf                                  0x080002d5   Thumb Code     0  fscalb.o(.text)
    __aeabi_dadd                             0x080002ed   Thumb Code   322  dadd.o(.text)
    __aeabi_dsub                             0x0800042f   Thumb Code     6  dadd.o(.text)
    __aeabi_drsub                            0x08000435   Thumb Code     6  dadd.o(.text)
    __aeabi_dmul                             0x0800043b   Thumb Code   228  dmul.o(.text)
    __aeabi_i2f                              0x0800051f   Thumb Code    18  fflti.o(.text)
    __aeabi_ui2f                             0x08000531   Thumb Code    10  ffltui.o(.text)
    __aeabi_i2d                              0x0800053b   Thumb Code    34  dflti.o(.text)
    __aeabi_f2d                              0x0800055d   Thumb Code    38  f2d.o(.text)
    __aeabi_d2f                              0x08000583   Thumb Code    56  d2f.o(.text)
    __aeabi_uidiv                            0x080005bb   Thumb Code     0  uidiv.o(.text)
    __aeabi_uidivmod                         0x080005bb   Thumb Code    44  uidiv.o(.text)
    __aeabi_uldivmod                         0x080005e7   Thumb Code    98  uldiv.o(.text)
    __aeabi_llsl                             0x08000649   Thumb Code    30  llshl.o(.text)
    _ll_shift_l                              0x08000649   Thumb Code     0  llshl.o(.text)
    __aeabi_lasr                             0x08000667   Thumb Code    36  llsshr.o(.text)
    _ll_sshift_r                             0x08000667   Thumb Code     0  llsshr.o(.text)
    __I$use$fp                               0x0800068b   Thumb Code     0  iusefp.o(.text)
    _float_round                             0x0800068b   Thumb Code    18  fepilogue.o(.text)
    _float_epilogue                          0x0800069d   Thumb Code    92  fepilogue.o(.text)
    _double_round                            0x080006f9   Thumb Code    30  depilogue.o(.text)
    _double_epilogue                         0x08000717   Thumb Code   156  depilogue.o(.text)
    __aeabi_ddiv                             0x080007b3   Thumb Code   222  ddiv.o(.text)
    __ARM_scalbn                             0x08000891   Thumb Code    46  dscalb.o(.text)
    scalbn                                   0x08000891   Thumb Code     0  dscalb.o(.text)
    __aeabi_d2ulz                            0x080008bf   Thumb Code    48  dfixul.o(.text)
    __aeabi_cdrcmple                         0x080008f1   Thumb Code    48  cdrcmple.o(.text)
    __scatterload                            0x08000921   Thumb Code    28  init.o(.text)
    __scatterload_rt2                        0x08000921   Thumb Code     0  init.o(.text)
    _dsqrt                                   0x08000945   Thumb Code   162  dsqrt.o(.text)
    AngleUpdate                              0x080009e9   Thumb Code   468  imucal.o(i.AngleUpdate)
    BusFault_Handler                         0x08000bd1   Thumb Code     2  stm32f1xx_it.o(i.BusFault_Handler)
    CAN_Send                                 0x08000cfd   Thumb Code    92  can.o(i.CAN_Send)
    DebugMon_Handler                         0x08000d61   Thumb Code     2  stm32f1xx_it.o(i.DebugMon_Handler)
    HAL_CAN_ConfigFilter                     0x08000d65   Thumb Code   242  stm32f1xx_hal_can.o(i.HAL_CAN_ConfigFilter)
    HAL_CAN_ErrorCallback                    0x08000e57   Thumb Code     2  stm32f1xx_hal_can.o(i.HAL_CAN_ErrorCallback)
    HAL_CAN_IRQHandler                       0x08000e59   Thumb Code   548  stm32f1xx_hal_can.o(i.HAL_CAN_IRQHandler)
    HAL_CAN_Init                             0x0800108d   Thumb Code   300  stm32f1xx_hal_can.o(i.HAL_CAN_Init)
    HAL_CAN_MspInit                          0x080011b9   Thumb Code   162  can.o(i.HAL_CAN_MspInit)
    HAL_CAN_RxCpltCallback                   0x08001271   Thumb Code     2  stm32f1xx_hal_can.o(i.HAL_CAN_RxCpltCallback)
    HAL_CAN_Transmit_IT                      0x08001273   Thumb Code   292  stm32f1xx_hal_can.o(i.HAL_CAN_Transmit_IT)
    HAL_CAN_TxCpltCallback                   0x08001397   Thumb Code     2  stm32f1xx_hal_can.o(i.HAL_CAN_TxCpltCallback)
    HAL_DMA_Abort_IT                         0x08001399   Thumb Code   148  stm32f1xx_hal_dma.o(i.HAL_DMA_Abort_IT)
    HAL_Delay                                0x08001431   Thumb Code    32  stm32f1xx_hal.o(i.HAL_Delay)
    HAL_GPIO_Init                            0x08001455   Thumb Code   408  stm32f1xx_hal_gpio.o(i.HAL_GPIO_Init)
    HAL_GPIO_WritePin                        0x08001611   Thumb Code    10  stm32f1xx_hal_gpio.o(i.HAL_GPIO_WritePin)
    HAL_GetTick                              0x0800161d   Thumb Code     6  stm32f1xx_hal.o(i.HAL_GetTick)
    HAL_IncTick                              0x08001629   Thumb Code    12  stm32f1xx_hal.o(i.HAL_IncTick)
    HAL_Init                                 0x08001639   Thumb Code    32  stm32f1xx_hal.o(i.HAL_Init)
    HAL_InitTick                             0x0800165d   Thumb Code    54  stm32f1xx_hal.o(i.HAL_InitTick)
    HAL_MspInit                              0x0800169d   Thumb Code   118  stm32f1xx_hal_msp.o(i.HAL_MspInit)
    HAL_NVIC_EnableIRQ                       0x0800171d   Thumb Code    22  stm32f1xx_hal_cortex.o(i.HAL_NVIC_EnableIRQ)
    HAL_NVIC_SetPriority                     0x08001735   Thumb Code    60  stm32f1xx_hal_cortex.o(i.HAL_NVIC_SetPriority)
    HAL_NVIC_SetPriorityGrouping             0x08001775   Thumb Code    26  stm32f1xx_hal_cortex.o(i.HAL_NVIC_SetPriorityGrouping)
    HAL_RCC_ClockConfig                      0x08001799   Thumb Code   322  stm32f1xx_hal_rcc.o(i.HAL_RCC_ClockConfig)
    HAL_RCC_GetHCLKFreq                      0x080018ed   Thumb Code     6  stm32f1xx_hal_rcc.o(i.HAL_RCC_GetHCLKFreq)
    HAL_RCC_GetPCLK1Freq                     0x080018f9   Thumb Code    20  stm32f1xx_hal_rcc.o(i.HAL_RCC_GetPCLK1Freq)
    HAL_RCC_GetPCLK2Freq                     0x08001919   Thumb Code    20  stm32f1xx_hal_rcc.o(i.HAL_RCC_GetPCLK2Freq)
    HAL_RCC_GetSysClockFreq                  0x08001939   Thumb Code    74  stm32f1xx_hal_rcc.o(i.HAL_RCC_GetSysClockFreq)
    HAL_RCC_OscConfig                        0x080019a5   Thumb Code   750  stm32f1xx_hal_rcc.o(i.HAL_RCC_OscConfig)
    HAL_SPI_Init                             0x08001ca9   Thumb Code   130  stm32f1xx_hal_spi_ex.o(i.HAL_SPI_Init)
    HAL_SPI_MspInit                          0x08001d2d   Thumb Code    74  spi.o(i.HAL_SPI_MspInit)
    HAL_SPI_TransmitReceive                  0x08001d85   Thumb Code   472  stm32f1xx_hal_spi.o(i.HAL_SPI_TransmitReceive)
    HAL_SYSTICK_CLKSourceConfig              0x08001f5d   Thumb Code    24  stm32f1xx_hal_cortex.o(i.HAL_SYSTICK_CLKSourceConfig)
    HAL_SYSTICK_Callback                     0x08001f75   Thumb Code     2  stm32f1xx_hal_cortex.o(i.HAL_SYSTICK_Callback)
    HAL_SYSTICK_Config                       0x08001f77   Thumb Code    40  stm32f1xx_hal_cortex.o(i.HAL_SYSTICK_Config)
    HAL_SYSTICK_IRQHandler                   0x08001f9f   Thumb Code     8  stm32f1xx_hal_cortex.o(i.HAL_SYSTICK_IRQHandler)
    HAL_TIMEx_BreakCallback                  0x08001fa7   Thumb Code     2  stm32f1xx_hal_tim_ex.o(i.HAL_TIMEx_BreakCallback)
    HAL_TIMEx_CommutationCallback            0x08001fa9   Thumb Code     2  stm32f1xx_hal_tim_ex.o(i.HAL_TIMEx_CommutationCallback)
    HAL_TIMEx_MasterConfigSynchronization    0x08001fab   Thumb Code    80  stm32f1xx_hal_tim_ex.o(i.HAL_TIMEx_MasterConfigSynchronization)
    HAL_TIM_Base_Init                        0x08001ffb   Thumb Code    54  stm32f1xx_hal_tim.o(i.HAL_TIM_Base_Init)
    HAL_TIM_Base_MspInit                     0x08002031   Thumb Code    50  tim.o(i.HAL_TIM_Base_MspInit)
    HAL_TIM_Base_Start_IT                    0x0800206d   Thumb Code    24  stm32f1xx_hal_tim.o(i.HAL_TIM_Base_Start_IT)
    HAL_TIM_ConfigClockSource                0x08002085   Thumb Code   242  stm32f1xx_hal_tim.o(i.HAL_TIM_ConfigClockSource)
    HAL_TIM_IC_CaptureCallback               0x08002177   Thumb Code     2  stm32f1xx_hal_tim.o(i.HAL_TIM_IC_CaptureCallback)
    HAL_TIM_IRQHandler                       0x08002179   Thumb Code   358  stm32f1xx_hal_tim.o(i.HAL_TIM_IRQHandler)
    HAL_TIM_OC_DelayElapsedCallback          0x080022df   Thumb Code     2  stm32f1xx_hal_tim.o(i.HAL_TIM_OC_DelayElapsedCallback)
    HAL_TIM_PWM_PulseFinishedCallback        0x080022e1   Thumb Code     2  stm32f1xx_hal_tim.o(i.HAL_TIM_PWM_PulseFinishedCallback)
    HAL_TIM_PeriodElapsedCallback            0x080022e5   Thumb Code    12  tim.o(i.HAL_TIM_PeriodElapsedCallback)
    HAL_TIM_TriggerCallback                  0x080022f5   Thumb Code     2  stm32f1xx_hal_tim.o(i.HAL_TIM_TriggerCallback)
    HAL_UART_ErrorCallback                   0x080022f7   Thumb Code    18  usart.o(i.HAL_UART_ErrorCallback)
    HAL_UART_IRQHandler                      0x08002309   Thumb Code   266  stm32f1xx_hal_uart.o(i.HAL_UART_IRQHandler)
    HAL_UART_Init                            0x08002419   Thumb Code    98  stm32f1xx_hal_uart.o(i.HAL_UART_Init)
    HAL_UART_MspInit                         0x0800247d   Thumb Code   118  usart.o(i.HAL_UART_MspInit)
    HAL_UART_Receive_IT                      0x08002505   Thumb Code    82  stm32f1xx_hal_uart.o(i.HAL_UART_Receive_IT)
    HAL_UART_RxCpltCallback                  0x08002559   Thumb Code    38  usart.o(i.HAL_UART_RxCpltCallback)
    HAL_UART_TxCpltCallback                  0x08002589   Thumb Code     2  stm32f1xx_hal_uart.o(i.HAL_UART_TxCpltCallback)
    HardFault_Handler                        0x0800258b   Thumb Code     2  stm32f1xx_it.o(i.HardFault_Handler)
    IMU_Get_Data                             0x0800258d   Thumb Code   132  mpu6500.o(i.IMU_Get_Data)
    MPU6500_Init                             0x08002615   Thumb Code   112  mpu6500.o(i.MPU6500_Init)
    MPU6500_Read_Reg                         0x0800269d   Thumb Code    68  mpu6500.o(i.MPU6500_Read_Reg)
    MPU6500_Read_Regs                        0x080026ed   Thumb Code    80  mpu6500.o(i.MPU6500_Read_Regs)
    MPU6500_Write_Reg                        0x08002749   Thumb Code    72  mpu6500.o(i.MPU6500_Write_Reg)
    MX_CAN_Init                              0x0800279d   Thumb Code    66  can.o(i.MX_CAN_Init)
    MX_GPIO_Init                             0x080027f9   Thumb Code   172  gpio.o(i.MX_GPIO_Init)
    MX_SPI1_Init                             0x080028b5   Thumb Code    66  spi.o(i.MX_SPI1_Init)
    MX_TIM3_Init                             0x08002911   Thumb Code    94  tim.o(i.MX_TIM3_Init)
    MX_USART1_UART_Init                      0x08002989   Thumb Code    52  usart.o(i.MX_USART1_UART_Init)
    MemManage_Handler                        0x080029d5   Thumb Code     2  stm32f1xx_it.o(i.MemManage_Handler)
    NMI_Handler                              0x080029d7   Thumb Code     2  stm32f1xx_it.o(i.NMI_Handler)
    PendSV_Handler                           0x080029f9   Thumb Code     2  stm32f1xx_it.o(i.PendSV_Handler)
    SVC_Handler                              0x08002ab1   Thumb Code     2  stm32f1xx_it.o(i.SVC_Handler)
    SysTick_Handler                          0x08002ab3   Thumb Code    14  stm32f1xx_it.o(i.SysTick_Handler)
    SystemClock_Config                       0x08002ac1   Thumb Code   104  main.o(i.SystemClock_Config)
    SystemInit                               0x08002b29   Thumb Code    56  system_stm32f1xx.o(i.SystemInit)
    TIM3_IRQHandler                          0x08002b71   Thumb Code     6  stm32f1xx_it.o(i.TIM3_IRQHandler)
    TIM_Base_SetConfig                       0x08002b7d   Thumb Code    94  stm32f1xx_hal_tim.o(i.TIM_Base_SetConfig)
    USART1_IRQHandler                        0x08002ee9   Thumb Code     6  stm32f1xx_it.o(i.USART1_IRQHandler)
    USB_HP_CAN1_TX_IRQHandler                0x08002ef5   Thumb Code     6  stm32f1xx_it.o(i.USB_HP_CAN1_TX_IRQHandler)
    UsageFault_Handler                       0x08002f01   Thumb Code     2  stm32f1xx_it.o(i.UsageFault_Handler)
    _Error_Handler                           0x08002f03   Thumb Code     2  main.o(i._Error_Handler)
    __0printf                                0x08002f05   Thumb Code    22  printfa.o(i.__0printf)
    __1printf                                0x08002f05   Thumb Code     0  printfa.o(i.__0printf)
    __2printf                                0x08002f05   Thumb Code     0  printfa.o(i.__0printf)
    __c89printf                              0x08002f05   Thumb Code     0  printfa.o(i.__0printf)
    printf                                   0x08002f05   Thumb Code     0  printfa.o(i.__0printf)
    __ARM_fpclassify                         0x08002f25   Thumb Code    40  fpclassify.o(i.__ARM_fpclassify)
    __kernel_poly                            0x08002f4d   Thumb Code   170  poly.o(i.__kernel_poly)
    __mathlib_dbl_infnan                     0x08002ff7   Thumb Code     6  dunder.o(i.__mathlib_dbl_infnan)
    __mathlib_dbl_infnan2                    0x08002ffd   Thumb Code     4  dunder.o(i.__mathlib_dbl_infnan2)
    __mathlib_dbl_invalid                    0x08003001   Thumb Code    12  dunder.o(i.__mathlib_dbl_invalid)
    __mathlib_dbl_underflow                  0x0800300d   Thumb Code    10  dunder.o(i.__mathlib_dbl_underflow)
    __scatterload_copy                       0x0800301d   Thumb Code    14  handlers.o(i.__scatterload_copy)
    __scatterload_null                       0x0800302b   Thumb Code     2  handlers.o(i.__scatterload_null)
    __scatterload_zeroinit                   0x0800302d   Thumb Code    14  handlers.o(i.__scatterload_zeroinit)
    __set_errno                              0x0800303d   Thumb Code     6  errno.o(i.__set_errno)
    asin                                     0x080038dd   Thumb Code   572  asin.o(i.asin)
    atan                                     0x08003b4d   Thumb Code   474  atan.o(i.atan)
    atan2                                    0x08003d6d   Thumb Code   346  atan2.o(i.atan2)
    fputc                                    0x08003eed   Thumb Code    18  usart.o(i.fputc)
    imu_AHRS_update                          0x08003f05   Thumb Code   932  imucal.o(i.imu_AHRS_update)
    imu_cal_update                           0x080042bd   Thumb Code    40  imucal.o(i.imu_cal_update)
    invSqrt                                  0x080042ed   Thumb Code    48  imucal.o(i.invSqrt)
    main                                     0x08004321   Thumb Code   242  main.o(i.main)
    sqrt                                     0x08004509   Thumb Code    76  sqrt.o(i.sqrt)
    AHBPrescTable                            0x08004554   Data          16  system_stm32f1xx.o(.constdata)
    APBPrescTable                            0x08004564   Data           8  system_stm32f1xx.o(.constdata)
    __mathlib_zero                           0x08004668   Data           8  qnan.o(.constdata)
    Region$$Table$$Base                      0x08004670   Number         0  anon$$obj.o(Region$$Table)
    Region$$Table$$Limit                     0x08004690   Number         0  anon$$obj.o(Region$$Table)
    w2tran                                   0x20000000   Data           2  can.o(.data)
    w4tran                                   0x20000004   Data           4  can.o(.data)
    uwTickFreq                               0x20000008   Data           1  stm32f1xx_hal.o(.data)
    uwTickPrio                               0x2000000c   Data           4  stm32f1xx_hal.o(.data)
    uwTick                                   0x20000010   Data           4  stm32f1xx_hal.o(.data)
    SystemCoreClock                          0x20000014   Data           4  system_stm32f1xx.o(.data)
    IMUhealth                                0x20000018   Data           1  mpu6500.o(.data)
    offset_gx                                0x20000020   Data           4  mpu6500.o(.data)
    offset_gy                                0x20000024   Data           4  mpu6500.o(.data)
    offset_gz                                0x20000028   Data           4  mpu6500.o(.data)
    q0                                       0x2000003c   Data           4  imucal.o(.data)
    q1                                       0x20000040   Data           4  imucal.o(.data)
    q2                                       0x20000044   Data           4  imucal.o(.data)
    q3                                       0x20000048   Data           4  imucal.o(.data)
    imu_init_ok                              0x2000004c   Data           4  imucal.o(.data)
    Kp                                       0x20000050   Data           4  imucal.o(.data)
    Ki                                       0x20000054   Data           4  imucal.o(.data)
    angletrans                               0x200000a4   Data           4  imucal.o(.data)
    angleroll                                0x200000a8   Data           4  imucal.o(.data)
    anglepitch                               0x200000ac   Data           4  imucal.o(.data)
    halfT                                    0x200000b0   Data           4  imucal.o(.data)
    __stdout                                 0x200000b4   Data           4  stdout.o(.data)
    hspi1                                    0x200000bc   Data          88  spi.o(.bss)
    can_tx                                   0x20000114   Data          28  can.o(.bss)
    can_rx                                   0x20000130   Data          36  can.o(.bss)
    hcan                                     0x20000154   Data          68  can.o(.bss)
    uart1_buff                               0x20000198   Data          20  usart.o(.bss)
    huart1                                   0x200001ac   Data          64  usart.o(.bss)
    htim3                                    0x200001ec   Data          64  tim.o(.bss)
    imu_data                                 0x2000022c   Data          20  mpu6500.o(.bss)
    imu_data_forcal                          0x20000240   Data          20  mpu6500.o(.bss)
    imu_data_offset                          0x20000254   Data          20  mpu6500.o(.bss)
    __initial_sp                             0x20000668   Data           0  startup_stm32f103xb.o(STACK)



==============================================================================

Memory Map of the image

  Image Entry point : 0x080000ed

  Load Region LR_IROM1 (Base: 0x08000000, Size: 0x0000474c, Max: 0x00010000, ABSOLUTE)

    Execution Region ER_IROM1 (Base: 0x08000000, Size: 0x00004690, Max: 0x00010000, ABSOLUTE)

    Base Addr    Size         Type   Attr      Idx    E Section Name        Object

    0x08000000   0x000000ec   Data   RO         3140    RESET               startup_stm32f103xb.o
    0x080000ec   0x00000000   Code   RO         3312  * .ARM.Collect$$$$00000000  mc_w.l(entry.o)
    0x080000ec   0x00000004   Code   RO         3637    .ARM.Collect$$$$00000001  mc_w.l(entry2.o)
    0x080000f0   0x00000004   Code   RO         3640    .ARM.Collect$$$$00000004  mc_w.l(entry5.o)
    0x080000f4   0x00000000   Code   RO         3642    .ARM.Collect$$$$00000008  mc_w.l(entry7b.o)
    0x080000f4   0x00000000   Code   RO         3644    .ARM.Collect$$$$0000000A  mc_w.l(entry8b.o)
    0x080000f4   0x00000008   Code   RO         3645    .ARM.Collect$$$$0000000B  mc_w.l(entry9a.o)
    0x080000fc   0x00000000   Code   RO         3647    .ARM.Collect$$$$0000000D  mc_w.l(entry10a.o)
    0x080000fc   0x00000000   Code   RO         3649    .ARM.Collect$$$$0000000F  mc_w.l(entry11a.o)
    0x080000fc   0x00000004   Code   RO         3638    .ARM.Collect$$$$00002712  mc_w.l(entry2.o)
    0x08000100   0x00000024   Code   RO         3141    .text               startup_stm32f103xb.o
    0x08000124   0x00000020   Code   RO         3315    .text               mc_w.l(llushr.o)
    0x08000144   0x000000b0   Code   RO         3578    .text               mf_w.l(fadd.o)
    0x080001f4   0x00000064   Code   RO         3580    .text               mf_w.l(fmul.o)
    0x08000258   0x0000007c   Code   RO         3582    .text               mf_w.l(fdiv.o)
    0x080002d4   0x00000018   Code   RO         3584    .text               mf_w.l(fscalb.o)
    0x080002ec   0x0000014e   Code   RO         3586    .text               mf_w.l(dadd.o)
    0x0800043a   0x000000e4   Code   RO         3588    .text               mf_w.l(dmul.o)
    0x0800051e   0x00000012   Code   RO         3590    .text               mf_w.l(fflti.o)
    0x08000530   0x0000000a   Code   RO         3592    .text               mf_w.l(ffltui.o)
    0x0800053a   0x00000022   Code   RO         3594    .text               mf_w.l(dflti.o)
    0x0800055c   0x00000026   Code   RO         3596    .text               mf_w.l(f2d.o)
    0x08000582   0x00000038   Code   RO         3598    .text               mf_w.l(d2f.o)
    0x080005ba   0x0000002c   Code   RO         3652    .text               mc_w.l(uidiv.o)
    0x080005e6   0x00000062   Code   RO         3654    .text               mc_w.l(uldiv.o)
    0x08000648   0x0000001e   Code   RO         3656    .text               mc_w.l(llshl.o)
    0x08000666   0x00000024   Code   RO         3658    .text               mc_w.l(llsshr.o)
    0x0800068a   0x00000000   Code   RO         3667    .text               mc_w.l(iusefp.o)
    0x0800068a   0x0000006e   Code   RO         3668    .text               mf_w.l(fepilogue.o)
    0x080006f8   0x000000ba   Code   RO         3670    .text               mf_w.l(depilogue.o)
    0x080007b2   0x000000de   Code   RO         3672    .text               mf_w.l(ddiv.o)
    0x08000890   0x0000002e   Code   RO         3674    .text               mf_w.l(dscalb.o)
    0x080008be   0x00000030   Code   RO         3676    .text               mf_w.l(dfixul.o)
    0x080008ee   0x00000002   PAD
    0x080008f0   0x00000030   Code   RO         3678    .text               mf_w.l(cdrcmple.o)
    0x08000920   0x00000024   Code   RO         3680    .text               mc_w.l(init.o)
    0x08000944   0x000000a2   Code   RO         3682    .text               mf_w.l(dsqrt.o)
    0x080009e6   0x00000002   PAD
    0x080009e8   0x000001e8   Code   RO         3235    i.AngleUpdate       imucal.o
    0x08000bd0   0x00000002   Code   RO            4    i.BusFault_Handler  stm32f1xx_it.o
    0x08000bd2   0x00000002   PAD
    0x08000bd4   0x00000126   Code   RO         2343    i.CAN_Receive_IT    stm32f1xx_hal_can.o
    0x08000cfa   0x00000002   PAD
    0x08000cfc   0x00000064   Code   RO          348    i.CAN_Send          can.o
    0x08000d60   0x00000002   Code   RO            5    i.DebugMon_Handler  stm32f1xx_it.o
    0x08000d62   0x00000002   PAD
    0x08000d64   0x000000f2   Code   RO         2344    i.HAL_CAN_ConfigFilter  stm32f1xx_hal_can.o
    0x08000e56   0x00000002   Code   RO         2346    i.HAL_CAN_ErrorCallback  stm32f1xx_hal_can.o
    0x08000e58   0x00000234   Code   RO         2349    i.HAL_CAN_IRQHandler  stm32f1xx_hal_can.o
    0x0800108c   0x0000012c   Code   RO         2350    i.HAL_CAN_Init      stm32f1xx_hal_can.o
    0x080011b8   0x000000b8   Code   RO          352    i.HAL_CAN_MspInit   can.o
    0x08001270   0x00000002   Code   RO         2355    i.HAL_CAN_RxCpltCallback  stm32f1xx_hal_can.o
    0x08001272   0x00000124   Code   RO         2358    i.HAL_CAN_Transmit_IT  stm32f1xx_hal_can.o
    0x08001396   0x00000002   Code   RO         2359    i.HAL_CAN_TxCpltCallback  stm32f1xx_hal_can.o
    0x08001398   0x00000098   Code   RO         1037    i.HAL_DMA_Abort_IT  stm32f1xx_hal_dma.o
    0x08001430   0x00000024   Code   RO          883    i.HAL_Delay         stm32f1xx_hal.o
    0x08001454   0x000001bc   Code   RO         2853    i.HAL_GPIO_Init     stm32f1xx_hal_gpio.o
    0x08001610   0x0000000a   Code   RO         2857    i.HAL_GPIO_WritePin  stm32f1xx_hal_gpio.o
    0x0800161a   0x00000002   PAD
    0x0800161c   0x0000000c   Code   RO          887    i.HAL_GetTick       stm32f1xx_hal.o
    0x08001628   0x00000010   Code   RO          891    i.HAL_IncTick       stm32f1xx_hal.o
    0x08001638   0x00000024   Code   RO          892    i.HAL_Init          stm32f1xx_hal.o
    0x0800165c   0x00000040   Code   RO          893    i.HAL_InitTick      stm32f1xx_hal.o
    0x0800169c   0x00000080   Code   RO          236    i.HAL_MspInit       stm32f1xx_hal_msp.o
    0x0800171c   0x00000016   Code   RO         1763    i.HAL_NVIC_EnableIRQ  stm32f1xx_hal_cortex.o
    0x08001732   0x00000002   PAD
    0x08001734   0x00000040   Code   RO         1769    i.HAL_NVIC_SetPriority  stm32f1xx_hal_cortex.o
    0x08001774   0x00000024   Code   RO         1770    i.HAL_NVIC_SetPriorityGrouping  stm32f1xx_hal_cortex.o
    0x08001798   0x00000154   Code   RO         3002    i.HAL_RCC_ClockConfig  stm32f1xx_hal_rcc.o
    0x080018ec   0x0000000c   Code   RO         3007    i.HAL_RCC_GetHCLKFreq  stm32f1xx_hal_rcc.o
    0x080018f8   0x00000020   Code   RO         3009    i.HAL_RCC_GetPCLK1Freq  stm32f1xx_hal_rcc.o
    0x08001918   0x00000020   Code   RO         3010    i.HAL_RCC_GetPCLK2Freq  stm32f1xx_hal_rcc.o
    0x08001938   0x0000006c   Code   RO         3011    i.HAL_RCC_GetSysClockFreq  stm32f1xx_hal_rcc.o
    0x080019a4   0x00000304   Code   RO         3014    i.HAL_RCC_OscConfig  stm32f1xx_hal_rcc.o
    0x08001ca8   0x00000082   Code   RO         2593    i.HAL_SPI_Init      stm32f1xx_hal_spi_ex.o
    0x08001d2a   0x00000002   PAD
    0x08001d2c   0x00000058   Code   RO          192    i.HAL_SPI_MspInit   spi.o
    0x08001d84   0x000001d8   Code   RO          537    i.HAL_SPI_TransmitReceive  stm32f1xx_hal_spi.o
    0x08001f5c   0x00000018   Code   RO         1772    i.HAL_SYSTICK_CLKSourceConfig  stm32f1xx_hal_cortex.o
    0x08001f74   0x00000002   Code   RO         1773    i.HAL_SYSTICK_Callback  stm32f1xx_hal_cortex.o
    0x08001f76   0x00000028   Code   RO         1774    i.HAL_SYSTICK_Config  stm32f1xx_hal_cortex.o
    0x08001f9e   0x00000008   Code   RO         1775    i.HAL_SYSTICK_IRQHandler  stm32f1xx_hal_cortex.o
    0x08001fa6   0x00000002   Code   RO         2617    i.HAL_TIMEx_BreakCallback  stm32f1xx_hal_tim_ex.o
    0x08001fa8   0x00000002   Code   RO         2618    i.HAL_TIMEx_CommutationCallback  stm32f1xx_hal_tim_ex.o
    0x08001faa   0x00000050   Code   RO         2634    i.HAL_TIMEx_MasterConfigSynchronization  stm32f1xx_hal_tim_ex.o
    0x08001ffa   0x00000036   Code   RO         1132    i.HAL_TIM_Base_Init  stm32f1xx_hal_tim.o
    0x08002030   0x0000003c   Code   RO          470    i.HAL_TIM_Base_MspInit  tim.o
    0x0800206c   0x00000018   Code   RO         1137    i.HAL_TIM_Base_Start_IT  stm32f1xx_hal_tim.o
    0x08002084   0x000000f2   Code   RO         1141    i.HAL_TIM_ConfigClockSource  stm32f1xx_hal_tim.o
    0x08002176   0x00000002   Code   RO         1161    i.HAL_TIM_IC_CaptureCallback  stm32f1xx_hal_tim.o
    0x08002178   0x00000166   Code   RO         1174    i.HAL_TIM_IRQHandler  stm32f1xx_hal_tim.o
    0x080022de   0x00000002   Code   RO         1177    i.HAL_TIM_OC_DelayElapsedCallback  stm32f1xx_hal_tim.o
    0x080022e0   0x00000002   Code   RO         1204    i.HAL_TIM_PWM_PulseFinishedCallback  stm32f1xx_hal_tim.o
    0x080022e2   0x00000002   PAD
    0x080022e4   0x00000010   Code   RO          471    i.HAL_TIM_PeriodElapsedCallback  tim.o
    0x080022f4   0x00000002   Code   RO         1215    i.HAL_TIM_TriggerCallback  stm32f1xx_hal_tim.o
    0x080022f6   0x00000012   Code   RO          409    i.HAL_UART_ErrorCallback  usart.o
    0x08002308   0x00000110   Code   RO         1902    i.HAL_UART_IRQHandler  stm32f1xx_hal_uart.o
    0x08002418   0x00000062   Code   RO         1903    i.HAL_UART_Init     stm32f1xx_hal_uart.o
    0x0800247a   0x00000002   PAD
    0x0800247c   0x00000088   Code   RO          411    i.HAL_UART_MspInit  usart.o
    0x08002504   0x00000052   Code   RO         1908    i.HAL_UART_Receive_IT  stm32f1xx_hal_uart.o
    0x08002556   0x00000002   PAD
    0x08002558   0x00000030   Code   RO          412    i.HAL_UART_RxCpltCallback  usart.o
    0x08002588   0x00000002   Code   RO         1914    i.HAL_UART_TxCpltCallback  stm32f1xx_hal_uart.o
    0x0800258a   0x00000002   Code   RO            6    i.HardFault_Handler  stm32f1xx_it.o
    0x0800258c   0x00000088   Code   RO         3148    i.IMU_Get_Data      mpu6500.o
    0x08002614   0x00000088   Code   RO         3149    i.MPU6500_Init      mpu6500.o
    0x0800269c   0x00000050   Code   RO         3150    i.MPU6500_Read_Reg  mpu6500.o
    0x080026ec   0x0000005c   Code   RO         3151    i.MPU6500_Read_Regs  mpu6500.o
    0x08002748   0x00000054   Code   RO         3154    i.MPU6500_Write_Reg  mpu6500.o
    0x0800279c   0x0000005c   Code   RO          353    i.MX_CAN_Init       can.o
    0x080027f8   0x000000bc   Code   RO          324    i.MX_GPIO_Init      gpio.o
    0x080028b4   0x0000005c   Code   RO          193    i.MX_SPI1_Init      spi.o
    0x08002910   0x00000078   Code   RO          472    i.MX_TIM3_Init      tim.o
    0x08002988   0x0000004c   Code   RO          413    i.MX_USART1_UART_Init  usart.o
    0x080029d4   0x00000002   Code   RO            7    i.MemManage_Handler  stm32f1xx_it.o
    0x080029d6   0x00000002   Code   RO            8    i.NMI_Handler       stm32f1xx_it.o
    0x080029d8   0x00000020   Code   RO         1776    i.NVIC_SetPriority  stm32f1xx_hal_cortex.o
    0x080029f8   0x00000002   Code   RO            9    i.PendSV_Handler    stm32f1xx_it.o
    0x080029fa   0x00000020   Code   RO          552    i.SPI_CheckFlag_BSY  stm32f1xx_hal_spi.o
    0x08002a1a   0x00000096   Code   RO          571    i.SPI_WaitFlagStateUntilTimeout  stm32f1xx_hal_spi.o
    0x08002ab0   0x00000002   Code   RO           10    i.SVC_Handler       stm32f1xx_it.o
    0x08002ab2   0x0000000e   Code   RO           11    i.SysTick_Handler   stm32f1xx_it.o
    0x08002ac0   0x00000068   Code   RO          260    i.SystemClock_Config  main.o
    0x08002b28   0x00000048   Code   RO         3104    i.SystemInit        system_stm32f1xx.o
    0x08002b70   0x0000000c   Code   RO           12    i.TIM3_IRQHandler   stm32f1xx_it.o
    0x08002b7c   0x0000006c   Code   RO         1216    i.TIM_Base_SetConfig  stm32f1xx_hal_tim.o
    0x08002be8   0x00000014   Code   RO         1223    i.TIM_ETR_SetConfig  stm32f1xx_hal_tim.o
    0x08002bfc   0x00000010   Code   RO         1224    i.TIM_ITRx_SetConfig  stm32f1xx_hal_tim.o
    0x08002c0c   0x00000022   Code   RO         1230    i.TIM_TI1_ConfigInputStage  stm32f1xx_hal_tim.o
    0x08002c2e   0x00000024   Code   RO         1232    i.TIM_TI2_ConfigInputStage  stm32f1xx_hal_tim.o
    0x08002c52   0x00000010   Code   RO         1916    i.UART_DMAAbortOnError  stm32f1xx_hal_uart.o
    0x08002c62   0x0000001c   Code   RO         1926    i.UART_EndRxTransfer  stm32f1xx_hal_uart.o
    0x08002c7e   0x00000096   Code   RO         1928    i.UART_Receive_IT   stm32f1xx_hal_uart.o
    0x08002d14   0x00000170   Code   RO         1929    i.UART_SetConfig    stm32f1xx_hal_uart.o
    0x08002e84   0x00000062   Code   RO         1930    i.UART_Transmit_IT  stm32f1xx_hal_uart.o
    0x08002ee6   0x00000002   PAD
    0x08002ee8   0x0000000c   Code   RO           13    i.USART1_IRQHandler  stm32f1xx_it.o
    0x08002ef4   0x0000000c   Code   RO           14    i.USB_HP_CAN1_TX_IRQHandler  stm32f1xx_it.o
    0x08002f00   0x00000002   Code   RO           15    i.UsageFault_Handler  stm32f1xx_it.o
    0x08002f02   0x00000002   Code   RO          261    i._Error_Handler    main.o
    0x08002f04   0x00000020   Code   RO         3550    i.__0printf         mc_w.l(printfa.o)
    0x08002f24   0x00000028   Code   RO         3624    i.__ARM_fpclassify  m_ws.l(fpclassify.o)
    0x08002f4c   0x000000aa   Code   RO         3626    i.__kernel_poly     m_ws.l(poly.o)
    0x08002ff6   0x00000006   Code   RO         3611    i.__mathlib_dbl_infnan  m_ws.l(dunder.o)
    0x08002ffc   0x00000004   Code   RO         3612    i.__mathlib_dbl_infnan2  m_ws.l(dunder.o)
    0x08003000   0x0000000c   Code   RO         3613    i.__mathlib_dbl_invalid  m_ws.l(dunder.o)
    0x0800300c   0x00000010   Code   RO         3616    i.__mathlib_dbl_underflow  m_ws.l(dunder.o)
    0x0800301c   0x0000000e   Code   RO         3688    i.__scatterload_copy  mc_w.l(handlers.o)
    0x0800302a   0x00000002   Code   RO         3689    i.__scatterload_null  mc_w.l(handlers.o)
    0x0800302c   0x0000000e   Code   RO         3690    i.__scatterload_zeroinit  mc_w.l(handlers.o)
    0x0800303a   0x00000002   PAD
    0x0800303c   0x0000000c   Code   RO         3662    i.__set_errno       mc_w.l(errno.o)
    0x08003048   0x00000164   Code   RO         3557    i._fp_digits        mc_w.l(printfa.o)
    0x080031ac   0x000006dc   Code   RO         3558    i._printf_core      mc_w.l(printfa.o)
    0x08003888   0x00000024   Code   RO         3559    i._printf_post_padding  mc_w.l(printfa.o)
    0x080038ac   0x0000002e   Code   RO         3560    i._printf_pre_padding  mc_w.l(printfa.o)
    0x080038da   0x00000002   PAD
    0x080038dc   0x00000270   Code   RO         3295    i.asin              m_ws.l(asin.o)
    0x08003b4c   0x00000220   Code   RO         3601    i.atan              m_ws.l(atan.o)
    0x08003d6c   0x00000180   Code   RO         3305    i.atan2             m_ws.l(atan2.o)
    0x08003eec   0x00000018   Code   RO          414    i.fputc             usart.o
    0x08003f04   0x000003b8   Code   RO         3236    i.imu_AHRS_update   imucal.o
    0x080042bc   0x00000030   Code   RO         3237    i.imu_cal_update    imucal.o
    0x080042ec   0x00000034   Code   RO         3239    i.invSqrt           imucal.o
    0x08004320   0x00000170   Code   RO          262    i.main              main.o
    0x08004490   0x00000078   Code   RO         3156    i.mpu_offset_init   mpu6500.o
    0x08004508   0x0000004c   Code   RO         3630    i.sqrt              m_ws.l(sqrt.o)
    0x08004554   0x00000010   Data   RO         3105    .constdata          system_stm32f1xx.o
    0x08004564   0x00000008   Data   RO         3106    .constdata          system_stm32f1xx.o
    0x0800456c   0x0000000e   Data   RO         3158    .constdata          mpu6500.o
    0x0800457a   0x00000006   PAD
    0x08004580   0x00000050   Data   RO         3296    .constdata          m_ws.l(asin.o)
    0x080045d0   0x00000098   Data   RO         3602    .constdata          m_ws.l(atan.o)
    0x08004668   0x00000008   Data   RO         3628    .constdata          m_ws.l(qnan.o)
    0x08004670   0x00000020   Data   RO         3686    Region$$Table       anon$$obj.o


    Execution Region RW_IRAM1 (Base: 0x20000000, Size: 0x00000668, Max: 0x00005000, ABSOLUTE)

    Base Addr    Size         Type   Attr      Idx    E Section Name        Object

    0x20000000   0x00000008   Data   RW          355    .data               can.o
    0x20000008   0x0000000c   Data   RW          899    .data               stm32f1xx_hal.o
    0x20000014   0x00000004   Data   RW         3107    .data               system_stm32f1xx.o
    0x20000018   0x00000022   Data   RW         3160    .data               mpu6500.o
    0x2000003a   0x00000002   PAD
    0x2000003c   0x00000078   Data   RW         3240    .data               imucal.o
    0x200000b4   0x00000004   Data   RW         3651    .data               mc_w.l(stdout.o)
    0x200000b8   0x00000004   Data   RW         3663    .data               mc_w.l(errno.o)
    0x200000bc   0x00000058   Zero   RW          194    .bss                spi.o
    0x20000114   0x00000084   Zero   RW          354    .bss                can.o
    0x20000198   0x00000054   Zero   RW          415    .bss                usart.o
    0x200001ec   0x00000040   Zero   RW          473    .bss                tim.o
    0x2000022c   0x0000003c   Zero   RW         3157    .bss                mpu6500.o
    0x20000268   0x00000400   Zero   RW         3138    STACK               startup_stm32f103xb.o


==============================================================================

Image component sizes


      Code (inc. data)   RO Data    RW Data    ZI Data      Debug   Object Name

       376         56          0          8        132       2778   can.o
       188         16          0          0          0        943   gpio.o
      1540         52          0        120          0       3801   imucal.o
       474        126          0          0          0       2133   main.o
       648         72         14         34         60       5047   mpu6500.o
       180         40          0          0         88       1569   spi.o
        36          8        236          0       1024        768   startup_stm32f103xb.o
       164         28          0         12          0       3769   stm32f1xx_hal.o
      1698         16          0          0          0       6451   stm32f1xx_hal_can.o
       228         14          0          0          0      27005   stm32f1xx_hal_cortex.o
       152          4          0          0          0       1035   stm32f1xx_hal_dma.o
       454         36          0          0          0       2548   stm32f1xx_hal_gpio.o
       128         10          0          0          0        870   stm32f1xx_hal_msp.o
      1296        104          0          0          0       5396   stm32f1xx_hal_rcc.o
       654          0          0          0          0       2966   stm32f1xx_hal_spi.o
       130          0          0          0          0       1031   stm32f1xx_hal_spi_ex.o
       900         14          0          0          0       8907   stm32f1xx_hal_tim.o
        84          0          0          0          0       2274   stm32f1xx_hal_tim_ex.o
      1114         10          0          0          0       6334   stm32f1xx_hal_uart.o
        66         18          0          0          0     456132   stm32f1xx_it.o
        72         16         24          4          0       1159   system_stm32f1xx.o
       196         40          0          0         64       2058   tim.o
       302         58          0          0         84       3168   usart.o

    ----------------------------------------------------------------------
     11100        738        312        180       1452     548142   Object Totals
         0          0         32          0          0          0   (incl. Generated)
        20          0          6          2          0          0   (incl. Padding)

    ----------------------------------------------------------------------

      Code (inc. data)   RO Data    RW Data    ZI Data      Debug   Library Member Name

       624         52         80          0          0        168   asin.o
       544         70        152          0          0        124   atan.o
       384         38          0          0          0        144   atan2.o
        38          6          0          0          0        272   dunder.o
        40          0          0          0          0         68   fpclassify.o
       170          0          0          0          0         96   poly.o
         0          0          8          0          0          0   qnan.o
        76          0          0          0          0         84   sqrt.o
         0          0          0          0          0          0   entry.o
         0          0          0          0          0          0   entry10a.o
         0          0          0          0          0          0   entry11a.o
         8          4          0          0          0          0   entry2.o
         4          0          0          0          0          0   entry5.o
         0          0          0          0          0          0   entry7b.o
         0          0          0          0          0          0   entry8b.o
         8          4          0          0          0          0   entry9a.o
        12          6          0          4          0         68   errno.o
        30          0          0          0          0          0   handlers.o
        36          8          0          0          0         68   init.o
         0          0          0          0          0          0   iusefp.o
        30          0          0          0          0         68   llshl.o
        36          0          0          0          0         68   llsshr.o
        32          0          0          0          0         68   llushr.o
      2226         90          0          0          0        444   printfa.o
         0          0          0          4          0          0   stdout.o
        44          0          0          0          0         80   uidiv.o
        98          0          0          0          0         92   uldiv.o
        48          0          0          0          0         68   cdrcmple.o
        56          0          0          0          0         88   d2f.o
       334          0          0          0          0        148   dadd.o
       222          0          0          0          0        100   ddiv.o
       186          0          0          0          0        176   depilogue.o
        48          0          0          0          0         68   dfixul.o
        34          0          0          0          0         76   dflti.o
       228          0          0          0          0         96   dmul.o
        46          0          0          0          0         80   dscalb.o
       162          0          0          0          0        100   dsqrt.o
        38          0          0          0          0         68   f2d.o
       176          0          0          0          0        140   fadd.o
       124          0          0          0          0         88   fdiv.o
       110          0          0          0          0        168   fepilogue.o
        18          0          0          0          0         68   fflti.o
        10          0          0          0          0         68   ffltui.o
       100          0          0          0          0         76   fmul.o
        24          0          0          0          0         68   fscalb.o

    ----------------------------------------------------------------------
      6412        278        240          8          0       3656   Library Totals
         8          0          0          0          0          0   (incl. Padding)

    ----------------------------------------------------------------------

      Code (inc. data)   RO Data    RW Data    ZI Data      Debug   Library Name

      1876        166        240          0          0        956   m_ws.l
      2564        112          0          8          0        956   mc_w.l
      1964          0          0          0          0       1744   mf_w.l

    ----------------------------------------------------------------------
      6412        278        240          8          0       3656   Library Totals

    ----------------------------------------------------------------------

==============================================================================


      Code (inc. data)   RO Data    RW Data    ZI Data      Debug   

     17512       1016        552        188       1452     544982   Grand Totals
     17512       1016        552        188       1452     544982   ELF Image Totals
     17512       1016        552        188          0          0   ROM Totals

==============================================================================

    Total RO  Size (Code + RO Data)                18064 (  17.64kB)
    Total RW  Size (RW Data + ZI Data)              1640 (   1.60kB)
    Total ROM Size (Code + RO Data + RW Data)      18252 (  17.82kB)

==============================================================================

